<html>
<body>
<pre>
<h1>µVision Build Log</h1>
<h2>Tool Versions:</h2>
IDE-Version: µVision V5.39.0.0
Copyright (C) 2023 ARM Ltd and ARM Germany GmbH. All rights reserved.
License Information: h Phong Vu, UET, LIC=----
 
Tool Versions:
Toolchain:       MDK-Lite  Version: 5.39.0.0
Toolchain Path:  C:\Keil_v5\ARM\Compilerv506\Bin
C Compiler:      Armcc.exe V5.06 update 7 (build 960)
Assembler:       Armasm.exe V5.06 update 7 (build 960)
Linker/Locator:  ArmLink.exe V5.06 update 7 (build 960)
Library Manager: ArmAr.exe V5.06 update 7 (build 960)
Hex Converter:   FromElf.exe V5.06 update 7 (build 960)
CPU DLL:         SARMCM3.DLL V5.39.0.0
Dialog DLL:      DCM.DLL V1.17.5.0
Target DLL:      STLink\ST-LINKIII-KEIL_SWO.dll V3.2.0.0
Dialog DLL:      TCM.DLL V1.56.4.0
 
<h2>Project:</h2>
D:\Workspace\Embedded\End_PJ\Hardwares\i2c.uvprojx
Project File Date:  05/25/2024

<h2>Output:</h2>
*** Using Compiler 'V5.06 update 7 (build 960)', folder: 'C:\Keil_v5\ARM\Compilerv506\Bin'
Rebuild target 'Target 1'
compiling main.c...
systick.h(9): warning:  #1-D: last line of file ends without a newline
  #endif
dht11.h(18): warning:  #1295-D: Deprecated declaration readTemperatureHumidity - give arg types
  TemperatureHumidity readTemperatureHumidity();
dht11.h(20): warning:  #1-D: last line of file ends without a newline
  #endif
uart.h(24): warning:  #1-D: last line of file ends without a newline
  #endif
adc.h(18): warning:  #1-D: last line of file ends without a newline
  #endif
pwm.h(25): warning:  #1-D: last line of file ends without a newline
  #endif
lowpass.h(20): warning:  #1-D: last line of file ends without a newline
  #endif		
ir_sensor.h(7): warning:  #1-D: last line of file ends without a newline
  uint8_t ir2_sensor_read(void);
interrupt.h(7): warning:  #1-D: last line of file ends without a newline
  #endif
i2c_lcd.h(22): warning:  #1-D: last line of file ends without a newline
  #endif
main.c(335): warning:  #1-D: last line of file ends without a newline
  }
main.c: 11 warnings, 0 errors
compiling servo.c...
servo.c(34): warning:  #1-D: last line of file ends without a newline
  }
servo.c: 1 warning, 0 errors
compiling uart.c...
systick.h(9): warning:  #1-D: last line of file ends without a newline
  #endif
uart.h(24): warning:  #1-D: last line of file ends without a newline
  #endif
uart.c: 2 warnings, 0 errors
compiling gpio.c...
compiling i2c_lcd.c...
systick.h(9): warning:  #1-D: last line of file ends without a newline
  #endif
i2c_lcd.h(22): warning:  #1-D: last line of file ends without a newline
  #endif
i2c_lcd.c: 2 warnings, 0 errors
compiling i2c.c...
systick.h(9): warning:  #1-D: last line of file ends without a newline
  #endif
i2c.c: 1 warning, 0 errors
compiling systick.c...
systick.h(9): warning:  #1-D: last line of file ends without a newline
  #endif
systick.c: 1 warning, 0 errors
compiling adc.c...
systick.h(9): warning:  #1-D: last line of file ends without a newline
  #endif
adc.h(18): warning:  #1-D: last line of file ends without a newline
  #endif
adc.c: 2 warnings, 0 errors
compiling dht11.c...
systick.h(9): warning:  #1-D: last line of file ends without a newline
  #endif
dht11.h(18): warning:  #1295-D: Deprecated declaration readTemperatureHumidity - give arg types
  TemperatureHumidity readTemperatureHumidity();
dht11.h(20): warning:  #1-D: last line of file ends without a newline
  #endif
dht11.c(34): warning:  #173-D: floating-point value does not fit in required integral type
           result.temperature = -1.0;
dht11.c(35): warning:  #173-D: floating-point value does not fit in required integral type
           result.humidity = -1.0;
dht11.c(40): warning:  #173-D: floating-point value does not fit in required integral type
        result.temperature = -1.0;
dht11.c(41): warning:  #173-D: floating-point value does not fit in required integral type
        result.humidity = -1.0;
dht11.c: 7 warnings, 0 errors
compiling mq135.c...
mq135.h(16): warning:  #1-D: last line of file ends without a newline
  #endif
systick.h(9): warning:  #1-D: last line of file ends without a newline
  #endif
adc.h(18): warning:  #1-D: last line of file ends without a newline
  #endif
mq135.c: 3 warnings, 0 errors
compiling ir_sensor.c...
ir_sensor.h(7): warning:  #1-D: last line of file ends without a newline
  uint8_t ir2_sensor_read(void);
ir_sensor.c: 1 warning, 0 errors
compiling lowpass.c...
lowpass.h(20): warning:  #1-D: last line of file ends without a newline
  #endif		
lowpass.c: 1 warning, 0 errors
compiling pwm.c...
pwm.h(25): warning:  #1-D: last line of file ends without a newline
  #endif
pwm.c(274): warning:  #1-D: last line of file ends without a newline
  }
pwm.c: 2 warnings, 0 errors
assembling startup_stm32f10x_md.s...
compiling interrupt.c...
interrupt.h(7): warning:  #1-D: last line of file ends without a newline
  #endif
interrupt.c(36): warning:  #1-D: last line of file ends without a newline
  }
interrupt.c: 2 warnings, 0 errors
compiling misc.c...
compiling system_stm32f10x.c...
compiling stm32f10x_gpio.c...
compiling stm32f10x_rcc.c...
compiling relay.c...
linking...
Program Size: Code=10964 RO-data=268 RW-data=64 ZI-data=1736  
FromELF: creating hex file...
".\Objects\i2c.axf" - 0 Error(s), 36 Warning(s).

<h2>Software Packages used:</h2>

Package Vendor: ARM
                http://www.keil.com/pack/ARM.CMSIS.5.9.0.pack
                ARM::CMSIS@5.9.0
                CMSIS (Common Microcontroller Software Interface Standard)
   * Component: CORE Version: 5.6.0

Package Vendor: Keil
                https://www.keil.com/pack/Keil.STM32F1xx_DFP.2.4.1.pack
                Keil::STM32F1xx_DFP@2.4.1
                STMicroelectronics STM32F1 Series Device Support, Drivers and Examples
   * Component: Startup Version: 1.0.0
   * Component: Framework Version: 3.6.0
   * Component: GPIO Version: 3.6.0
   * Component: RCC Version: 3.6.0

<h2>Collection of Component include folders:</h2>
  ./RTE/Device/STM32F103C8
  ./RTE/_Target_1
  C:/Users/gbmhi/AppData/Local/Arm/Packs/ARM/CMSIS/5.9.0/CMSIS/Core/Include
  C:/Users/gbmhi/AppData/Local/Arm/Packs/Keil/STM32F1xx_DFP/2.4.1/Device/Include
  C:/Users/gbmhi/AppData/Local/Arm/Packs/Keil/STM32F1xx_DFP/2.4.1/Device/StdPeriph_Driver/inc

<h2>Collection of Component Files used:</h2>

   * Component: ARM::CMSIS:CORE@5.6.0

   * Component: Keil::Device:Startup@1.0.0
      Source file:   Device/Source/ARM/startup_stm32f10x_md.s
      Include file:  RTE_Driver/Config/RTE_Device.h
      Source file:   Device/Source/system_stm32f10x.c
      Source file:   Device/Source/ARM/STM32F1xx_OPT.s

   * Component: Keil::Device:StdPeriph Drivers:Framework@3.6.0
      Include file:  Device/StdPeriph_Driver/templates/stm32f10x_it.h
      Source file:   Device/StdPeriph_Driver/templates/stm32f10x_conf.h
      Source file:   Device/StdPeriph_Driver/src/misc.c
      Source file:   Device/StdPeriph_Driver/templates/stm32f10x_it.c
      Include file:  Device/StdPeriph_Driver/inc/misc.h

   * Component: Keil::Device:StdPeriph Drivers:GPIO@3.6.0
      Include file:  Device/StdPeriph_Driver/inc/stm32f10x_gpio.h
      Source file:   Device/StdPeriph_Driver/src/stm32f10x_gpio.c

   * Component: Keil::Device:StdPeriph Drivers:RCC@3.6.0
      Include file:  Device/StdPeriph_Driver/inc/stm32f10x_rcc.h
      Source file:   Device/StdPeriph_Driver/src/stm32f10x_rcc.c
Build Time Elapsed:  00:00:02
</pre>
</body>
</html>
