Component: ARM Compiler 5.06 update 7 (build 960) Tool: armlink [4d3601]

==============================================================================

Section Cross References

    main.o(i.main) refers to _printf_percent.o(.ARM.Collect$$_printf_percent$$00000000) for _printf_percent
    main.o(i.main) refers to _printf_f.o(.ARM.Collect$$_printf_percent$$00000003) for _printf_f
    main.o(i.main) refers to printf1.o(x$fpl$printf1) for _printf_fp_dec
    main.o(i.main) refers to systick.o(i.systick_init) for systick_init
    main.o(i.main) refers to lowpass.o(i.lowpass_init) for lowpass_init
    main.o(i.main) refers to pwm.o(i.pwm_init) for pwm_init
    main.o(i.main) refers to pwm.o(i.set_duty) for set_duty
    main.o(i.main) refers to uart.o(i.uart_init) for uart_init
    main.o(i.main) refers to adc.o(i.adc_init) for adc_init
    main.o(i.main) refers to adc.o(i.adc_rx) for adc_rx
    main.o(i.main) refers to dflt_clz.o(x$fpl$dflt) for __aeabi_i2d
    main.o(i.main) refers to ddiv.o(x$fpl$ddiv) for __aeabi_ddiv
    main.o(i.main) refers to dmul.o(x$fpl$dmul) for __aeabi_dmul
    main.o(i.main) refers to daddsub_clz.o(x$fpl$dsub) for __aeabi_dsub
    main.o(i.main) refers to dfixu.o(x$fpl$dfixu) for __aeabi_d2uiz
    main.o(i.main) refers to fflt_clz.o(x$fpl$fflt) for __aeabi_i2f
    main.o(i.main) refers to lowpass.o(i.filt) for filt
    main.o(i.main) refers to ffix.o(x$fpl$ffix) for __aeabi_f2iz
    main.o(i.main) refers to noretval__2snprintf.o(.text) for __2snprintf
    main.o(i.main) refers to uart.o(i.uart_send_msg) for uart_send_msg
    main.o(i.main) refers to main.o(.data) for analog_rx
    main.o(i.main) refers to main.o(.bss) for num
    i2c.o(i.i2c_init) refers to gpio.o(i.gpio_init) for gpio_init
    i2c.o(i.i2c_write) refers to i2c.o(i.i2c_start) for i2c_start
    i2c.o(i.i2c_write) refers to i2c.o(i.i2c_add) for i2c_add
    i2c.o(i.i2c_write) refers to i2c.o(i.i2c_data) for i2c_data
    i2c.o(i.i2c_write) refers to i2c.o(i.i2c_stop) for i2c_stop
    systick.o(i.DelayMillis) refers to system_stm32f10x.o(.data) for SystemCoreClock
    systick.o(i.Delaymicro) refers to system_stm32f10x.o(.data) for SystemCoreClock
    systick.o(i.delay_ms) refers to systick.o(i.DelayMillis) for DelayMillis
    systick.o(i.delay_us) refers to systick.o(i.Delaymicro) for Delaymicro
    i2c_lcd.o(i.add_slave) refers to i2c.o(i.i2c_add) for i2c_add
    i2c_lcd.o(i.lcd_i2c_cmd) refers to i2c_lcd.o(i.trans_slave) for trans_slave
    i2c_lcd.o(i.lcd_i2c_cmd) refers to systick.o(i.delay_us) for delay_us
    i2c_lcd.o(i.lcd_i2c_data) refers to i2c_lcd.o(i.trans_slave) for trans_slave
    i2c_lcd.o(i.lcd_i2c_data) refers to systick.o(i.delay_us) for delay_us
    i2c_lcd.o(i.lcd_i2c_init) refers to i2c.o(i.i2c_init) for i2c_init
    i2c_lcd.o(i.lcd_i2c_init) refers to systick.o(i.delay_ms) for delay_ms
    i2c_lcd.o(i.lcd_i2c_init) refers to i2c_lcd.o(i.trans_slave) for trans_slave
    i2c_lcd.o(i.lcd_i2c_init) refers to systick.o(i.delay_us) for delay_us
    i2c_lcd.o(i.lcd_i2c_init) refers to i2c_lcd.o(i.lcd_i2c_cmd) for lcd_i2c_cmd
    i2c_lcd.o(i.lcd_i2c_msg) refers to i2c_lcd.o(i.lcd_i2c_cmd) for lcd_i2c_cmd
    i2c_lcd.o(i.lcd_i2c_msg) refers to systick.o(i.delay_us) for delay_us
    i2c_lcd.o(i.lcd_i2c_msg) refers to i2c_lcd.o(i.lcd_i2c_send) for lcd_i2c_send
    i2c_lcd.o(i.lcd_i2c_send) refers to i2c_lcd.o(i.lcd_i2c_data) for lcd_i2c_data
    i2c_lcd.o(i.lcd_i2c_send) refers to systick.o(i.delay_us) for delay_us
    i2c_lcd.o(i.trans_slave) refers to i2c.o(i.i2c_start) for i2c_start
    i2c_lcd.o(i.trans_slave) refers to i2c_lcd.o(i.add_slave) for add_slave
    i2c_lcd.o(i.trans_slave) refers to i2c.o(i.i2c_data) for i2c_data
    i2c_lcd.o(i.trans_slave) refers to i2c.o(i.i2c_stop) for i2c_stop
    uart.o(i.uart_init) refers to gpio.o(i.gpio_init) for gpio_init
    uart.o(i.uart_send_msg) refers to uart.o(i.uart_tx) for uart_tx
    servo.o(i.servo_init) refers to system_stm32f10x.o(.data) for SystemCoreClock
    adc.o(i.adc_init) refers to gpio.o(i.gpio_init) for gpio_init
    adc.o(i.adc_init) refers to systick.o(i.delay_ms) for delay_ms
    pwm.o(i.pwm_init) refers to gpio.o(i.gpio_init) for gpio_init
    pwm.o(i.pwm_init) refers to system_stm32f10x.o(.data) for SystemCoreClock
    mq135.o(i.MQ135_Calculate) refers to adc.o(i.adc_init) for adc_init
    mq135.o(i.MQ135_Calculate) refers to adc.o(i.adc_check) for adc_check
    mq135.o(i.MQ135_Calculate) refers to adc.o(i.adc_rx) for adc_rx
    mq135.o(i.MQ135_Calculate) refers to ddiv.o(x$fpl$ddiv) for __aeabi_ddiv
    mq135.o(i.MQ135_Calculate) refers to dflt_clz.o(x$fpl$dflt) for __aeabi_i2d
    mq135.o(i.MQ135_Calculate) refers to dmul.o(x$fpl$dmul) for __aeabi_dmul
    mq135.o(i.MQ135_Calculate) refers to daddsub_clz.o(x$fpl$dsub) for __aeabi_dsub
    mq135.o(i.MQ135_Calculate) refers to dfix.o(x$fpl$dfix) for __aeabi_d2iz
    dht11.o(i.DHT11_CheckResponse) refers to systick.o(i.delay_us) for delay_us
[...]
    exit.o(.text) refers to rtexit.o(.ARM.Collect$$rtexit$$00000000) for __rt_exit
    libinit.o(.ARM.Collect$$libinit$$00000000) refers (Special) to libinit2.o(.ARM.Collect$$libinit$$0000002E) for __rt_lib_init_alloca_1
    libinit.o(.ARM.Collect$$libinit$$00000000) refers (Special) to libinit2.o(.ARM.Collect$$libinit$$0000002C) for __rt_lib_init_argv_1
    libinit.o(.ARM.Collect$$libinit$$00000000) refers (Special) to libinit2.o(.ARM.Collect$$libinit$$0000001B) for __rt_lib_init_atexit_1
    libinit.o(.ARM.Collect$$libinit$$00000000) refers (Special) to libinit2.o(.ARM.Collect$$libinit$$00000021) for __rt_lib_init_clock_1
    libinit.o(.ARM.Collect$$libinit$$00000000) refers (Special) to libinit2.o(.ARM.Collect$$libinit$$00000032) for __rt_lib_init_cpp_1
    libinit.o(.ARM.Collect$$libinit$$00000000) refers (Special) to libinit2.o(.ARM.Collect$$libinit$$00000030) for __rt_lib_init_exceptions_1
    libinit.o(.ARM.Collect$$libinit$$00000000) refers (Special) to libinit2.o(.ARM.Collect$$libinit$$00000002) for __rt_lib_init_fp_1
    libinit.o(.ARM.Collect$$libinit$$00000000) refers (Special) to libinit2.o(.ARM.Collect$$libinit$$0000001F) for __rt_lib_init_fp_trap_1
    libinit.o(.ARM.Collect$$libinit$$00000000) refers (Special) to libinit2.o(.ARM.Collect$$libinit$$00000023) for __rt_lib_init_getenv_1
    libinit.o(.ARM.Collect$$libinit$$00000000) refers (Special) to libinit2.o(.ARM.Collect$$libinit$$0000000A) for __rt_lib_init_heap_1
    libinit.o(.ARM.Collect$$libinit$$00000000) refers (Special) to libinit2.o(.ARM.Collect$$libinit$$00000011) for __rt_lib_init_lc_collate_1
    libinit.o(.ARM.Collect$$libinit$$00000000) refers (Special) to libinit2.o(.ARM.Collect$$libinit$$00000013) for __rt_lib_init_lc_ctype_1
    libinit.o(.ARM.Collect$$libinit$$00000000) refers (Special) to libinit2.o(.ARM.Collect$$libinit$$00000015) for __rt_lib_init_lc_monetary_1
    libinit.o(.ARM.Collect$$libinit$$00000000) refers (Special) to libinit2.o(.ARM.Collect$$libinit$$00000017) for __rt_lib_init_lc_numeric_1
    libinit.o(.ARM.Collect$$libinit$$00000000) refers (Special) to libinit2.o(.ARM.Collect$$libinit$$00000019) for __rt_lib_init_lc_time_1
    libinit.o(.ARM.Collect$$libinit$$00000000) refers (Special) to libinit2.o(.ARM.Collect$$libinit$$00000004) for __rt_lib_init_preinit_1
    libinit.o(.ARM.Collect$$libinit$$00000000) refers (Special) to libinit2.o(.ARM.Collect$$libinit$$0000000E) for __rt_lib_init_rand_1
    libinit.o(.ARM.Collect$$libinit$$00000000) refers (Special) to libinit2.o(.ARM.Collect$$libinit$$00000033) for __rt_lib_init_return
    libinit.o(.ARM.Collect$$libinit$$00000000) refers (Special) to libinit2.o(.ARM.Collect$$libinit$$0000001D) for __rt_lib_init_signal_1
    libinit.o(.ARM.Collect$$libinit$$00000000) refers (Special) to libinit2.o(.ARM.Collect$$libinit$$00000025) for __rt_lib_init_stdio_1
    libinit.o(.ARM.Collect$$libinit$$00000000) refers (Special) to libinit2.o(.ARM.Collect$$libinit$$0000000C) for __rt_lib_init_user_alloc_1
    libinit2.o(.ARM.Collect$$libinit$$0000000F) refers (Weak) to rt_locale_intlibspace.o(.text) for __rt_locale
    libinit2.o(.ARM.Collect$$libinit$$00000010) refers to libinit2.o(.ARM.Collect$$libinit$$0000000F) for .ARM.Collect$$libinit$$0000000F
    libinit2.o(.ARM.Collect$$libinit$$00000012) refers to libinit2.o(.ARM.Collect$$libinit$$0000000F) for .ARM.Collect$$libinit$$0000000F
    libinit2.o(.ARM.Collect$$libinit$$00000014) refers to libinit2.o(.ARM.Collect$$libinit$$0000000F) for .ARM.Collect$$libinit$$0000000F
    libinit2.o(.ARM.Collect$$libinit$$00000016) refers to libinit2.o(.ARM.Collect$$libinit$$0000000F) for .ARM.Collect$$libinit$$0000000F
    libinit2.o(.ARM.Collect$$libinit$$00000016) refers (Weak) to lc_numeric_c.o(locale$$code) for _get_lc_numeric
    libinit2.o(.ARM.Collect$$libinit$$00000018) refers to libinit2.o(.ARM.Collect$$libinit$$0000000F) for .ARM.Collect$$libinit$$0000000F
    libinit2.o(.ARM.Collect$$libinit$$00000026) refers to argv_veneer.o(.emb_text) for __ARM_argv_veneer
    libinit2.o(.ARM.Collect$$libinit$$00000027) refers to argv_veneer.o(.emb_text) for __ARM_argv_veneer
    rtexit.o(.ARM.Collect$$rtexit$$00000000) refers (Special) to rtexit2.o(.ARM.Collect$$rtexit$$00000004) for __rt_exit_exit
    rtexit.o(.ARM.Collect$$rtexit$$00000000) refers (Special) to rtexit2.o(.ARM.Collect$$rtexit$$00000003) for __rt_exit_ls
    rtexit.o(.ARM.Collect$$rtexit$$00000000) refers (Special) to rtexit2.o(.ARM.Collect$$rtexit$$00000002) for __rt_exit_prels_1
    rtexit.o(.ARM.exidx) refers (Special) to rtexit2.o(.ARM.Collect$$rtexit$$00000004) for __rt_exit_exit
    rtexit.o(.ARM.exidx) refers (Special) to rtexit2.o(.ARM.Collect$$rtexit$$00000003) for __rt_exit_ls
    rtexit.o(.ARM.exidx) refers (Special) to rtexit2.o(.ARM.Collect$$rtexit$$00000002) for __rt_exit_prels_1
    rtexit.o(.ARM.exidx) refers to rtexit.o(.ARM.Collect$$rtexit$$00000000) for .ARM.Collect$$rtexit$$00000000
    argv_veneer.o(.emb_text) refers to no_argv.o(.text) for __ARM_get_argv
    rtexit2.o(.ARM.Collect$$rtexit$$00000003) refers to libshutdown.o(.ARM.Collect$$libshutdown$$00000000) for __rt_lib_shutdown
    rtexit2.o(.ARM.Collect$$rtexit$$00000004) refers to sys_exit.o(.text) for _sys_exit
    rtexit2.o(.ARM.exidx) refers to rtexit2.o(.ARM.Collect$$rtexit$$00000001) for .ARM.Collect$$rtexit$$00000001
    rtexit2.o(.ARM.exidx) refers to rtexit2.o(.ARM.Collect$$rtexit$$00000003) for .ARM.Collect$$rtexit$$00000003
    rtexit2.o(.ARM.exidx) refers to rtexit2.o(.ARM.Collect$$rtexit$$00000004) for .ARM.Collect$$rtexit$$00000004
    _get_argv_nomalloc.o(.text) refers (Special) to hrguard.o(.text) for __heap_region$guard
    _get_argv_nomalloc.o(.text) refers to defsig_rtmem_outer.o(.text) for __rt_SIGRTMEM
    _get_argv_nomalloc.o(.text) refers to sys_command.o(.text) for _sys_command_string
    sys_command.o(.text) refers (Special) to use_no_semi.o(.text) for __I$use$semihosting
    sys_command.o(.text) refers (Special) to indicate_semi.o(.text) for __semihosting_library_function
    sys_exit.o(.text) refers (Special) to use_no_semi.o(.text) for __I$use$semihosting
    sys_exit.o(.text) refers (Special) to indicate_semi.o(.text) for __semihosting_library_function
    defsig_rtmem_outer.o(.text) refers to defsig_rtmem_inner.o(.text) for __rt_SIGRTMEM_inner
    defsig_rtmem_outer.o(.text) refers to defsig_exit.o(.text) for __sig_exit
    defsig_rtmem_formal.o(.text) refers to rt_raise.o(.text) for __rt_raise
    libshutdown.o(.ARM.Collect$$libshutdown$$00000000) refers (Special) to libshutdown2.o(.ARM.Collect$$libshutdown$$00000004) for __rt_lib_shutdown_cpp_1
    libshutdown.o(.ARM.Collect$$libshutdown$$00000000) refers (Special) to libshutdown2.o(.ARM.Collect$$libshutdown$$00000002) for __rt_lib_shutdown_fini_1
    libshutdown.o(.ARM.Collect$$libshutdown$$00000000) refers (Special) to libshutdown2.o(.ARM.Collect$$libshutdown$$00000009) for __rt_lib_shutdown_fp_trap_1
    libshutdown.o(.ARM.Collect$$libshutdown$$00000000) refers (Special) to libshutdown2.o(.ARM.Collect$$libshutdown$$00000011) for __rt_lib_shutdown_heap_1
    libshutdown.o(.ARM.Collect$$libshutdown$$00000000) refers (Special) to libshutdown2.o(.ARM.Collect$$libshutdown$$00000012) for __rt_lib_shutdown_return
    libshutdown.o(.ARM.Collect$$libshutdown$$00000000) refers (Special) to libshutdown2.o(.ARM.Collect$$libshutdown$$0000000C) for __rt_lib_shutdown_signal_1
    libshutdown.o(.ARM.Collect$$libshutdown$$00000000) refers (Special) to libshutdown2.o(.ARM.Collect$$libshutdown$$00000006) for __rt_lib_shutdown_stdio_1
    libshutdown.o(.ARM.Collect$$libshutdown$$00000000) refers (Special) to libshutdown2.o(.ARM.Collect$$libshutdown$$0000000E) for __rt_lib_shutdown_user_alloc_1
    rt_raise.o(.text) refers to __raise.o(.text) for __raise
    rt_raise.o(.text) refers to sys_exit.o(.text) for _sys_exit
    defsig_exit.o(.text) refers to sys_exit.o(.text) for _sys_exit
    defsig_rtmem_inner.o(.text) refers to defsig_general.o(.text) for __default_signal_display
    __raise.o(.text) refers to defsig.o(CL$$defsig) for __default_signal_handler
    defsig_general.o(.text) refers to sys_wrch.o(.text) for _ttywrch
    sys_wrch.o(.text) refers (Special) to use_no_semi.o(.text) for __I$use$semihosting
    sys_wrch.o(.text) refers (Special) to indicate_semi.o(.text) for __semihosting_library_function
    defsig.o(CL$$defsig) refers to defsig_rtmem_inner.o(.text) for __rt_SIGRTMEM_inner
    defsig_abrt_inner.o(.text) refers to defsig_general.o(.text) for __default_signal_display
    defsig_fpe_inner.o(.text) refers to defsig_general.o(.text) for __default_signal_display
    defsig_rtred_inner.o(.text) refers to defsig_general.o(.text) for __default_signal_display
    defsig_stak_inner.o(.text) refers to defsig_general.o(.text) for __default_signal_display
    defsig_pvfn_inner.o(.text) refers to defsig_general.o(.text) for __default_signal_display
    defsig_cppl_inner.o(.text) refers to defsig_general.o(.text) for __default_signal_display
    defsig_segv_inner.o(.text) refers to defsig_general.o(.text) for __default_signal_display
    defsig_other.o(.text) refers to defsig_general.o(.text) for __default_signal_display


==============================================================================

Removing Unused input sections from the image.

    Removing main.o(.rev16_text), (4 bytes).
    Removing main.o(.revsh_text), (4 bytes).
    Removing main.o(.rrx_text), (6 bytes).
    Removing i2c.o(.rev16_text), (4 bytes).
    Removing i2c.o(.revsh_text), (4 bytes).
    Removing i2c.o(.rrx_text), (6 bytes).
    Removing i2c.o(i.i2c_add), (168 bytes).
    Removing i2c.o(i.i2c_data), (92 bytes).
    Removing i2c.o(i.i2c_init), (160 bytes).
    Removing i2c.o(i.i2c_start), (80 bytes).
    Removing i2c.o(i.i2c_stop), (48 bytes).
    Removing i2c.o(i.i2c_write), (54 bytes).
    Removing systick.o(.rev16_text), (4 bytes).
    Removing systick.o(.revsh_text), (4 bytes).
    Removing systick.o(.rrx_text), (6 bytes).
    Removing systick.o(i.Delaymicro), (48 bytes).
    Removing systick.o(i.delay_us), (18 bytes).
    Removing i2c_lcd.o(.rev16_text), (4 bytes).
    Removing i2c_lcd.o(.revsh_text), (4 bytes).
    Removing i2c_lcd.o(.rrx_text), (6 bytes).
    Removing i2c_lcd.o(i.add_slave), (18 bytes).
    Removing i2c_lcd.o(i.lcd_i2c_cmd), (128 bytes).
    Removing i2c_lcd.o(i.lcd_i2c_data), (128 bytes).
    Removing i2c_lcd.o(i.lcd_i2c_init), (294 bytes).
    Removing i2c_lcd.o(i.lcd_i2c_msg), (62 bytes).
    Removing i2c_lcd.o(i.lcd_i2c_send), (34 bytes).
    Removing i2c_lcd.o(i.trans_slave), (36 bytes).
    Removing gpio.o(.rev16_text), (4 bytes).
    Removing gpio.o(.revsh_text), (4 bytes).
    Removing gpio.o(.rrx_text), (6 bytes).
    Removing gpio.o(i.gpio_read), (72 bytes).
    Removing gpio.o(i.gpio_write), (76 bytes).
    Removing uart.o(.rev16_text), (4 bytes).
    Removing uart.o(.revsh_text), (4 bytes).
    Removing uart.o(.rrx_text), (6 bytes).
    Removing uart.o(i.uart_rx), (96 bytes).
    Removing servo.o(.rev16_text), (4 bytes).
    Removing servo.o(.revsh_text), (4 bytes).
    Removing servo.o(.rrx_text), (6 bytes).
    Removing servo.o(i.servo_init), (116 bytes).
    Removing servo.o(i.servo_rotate), (30 bytes).
    Removing relay.o(.rev16_text), (4 bytes).
    Removing relay.o(.revsh_text), (4 bytes).
    Removing relay.o(.rrx_text), (6 bytes).
    Removing relay.o(i.relay_init), (44 bytes).
    Removing relay.o(i.relay_off), (36 bytes).
    Removing relay.o(i.relay_on), (36 bytes).
    Removing ir_sensor.o(.rev16_text), (4 bytes).
    Removing ir_sensor.o(.revsh_text), (4 bytes).
    Removing ir_sensor.o(.rrx_text), (6 bytes).
    Removing ir_sensor.o(i.ir_sensor_init), (44 bytes).
    Removing ir_sensor.o(i.ir_sensor_read), (16 bytes).
    Removing adc.o(.rev16_text), (4 bytes).
    Removing adc.o(.revsh_text), (4 bytes).
    Removing adc.o(.rrx_text), (6 bytes).
    Removing adc.o(i.adc_check), (52 bytes).
    Removing pwm.o(.rev16_text), (4 bytes).
    Removing pwm.o(.revsh_text), (4 bytes).
    Removing pwm.o(.rrx_text), (6 bytes).
    Removing mq135.o(.rev16_text), (4 bytes).
    Removing mq135.o(.revsh_text), (4 bytes).
    Removing mq135.o(.rrx_text), (6 bytes).
    Removing mq135.o(i.MQ135_Calculate), (196 bytes).
    Removing mq135.o(i.MQ135_Init), (20 bytes).
    Removing dht11.o(.rev16_text), (4 bytes).
    Removing dht11.o(.revsh_text), (4 bytes).
    Removing dht11.o(.rrx_text), (6 bytes).
    Removing dht11.o(i.DHT11_CheckResponse), (40 bytes).
    Removing dht11.o(i.DHT11_ReadByte), (76 bytes).
    Removing dht11.o(i.DHT11_Start), (44 bytes).
    Removing dht11.o(i.GPIO_config), (56 bytes).
    Removing dht11.o(i.SystemClock_Config), (100 bytes).
    Removing dht11.o(i.readTemperatureHumidity), (204 bytes).
    Removing dht11.o(i.read_GPIO), (16 bytes).
    Removing dht11.o(i.set_GPIO_input), (28 bytes).
    Removing dht11.o(i.set_GPIO_output), (28 bytes).
    Removing lowpass.o(.rev16_text), (4 bytes).
    Removing lowpass.o(.revsh_text), (4 bytes).
    Removing lowpass.o(.rrx_text), (6 bytes).
    Removing misc.o(.rev16_text), (4 bytes).
    Removing misc.o(.revsh_text), (4 bytes).
    Removing misc.o(.rrx_text), (6 bytes).
    Removing misc.o(i.NVIC_Init), (112 bytes).
    Removing misc.o(i.NVIC_PriorityGroupConfig), (20 bytes).
    Removing misc.o(i.NVIC_SetVectorTable), (20 bytes).
    Removing misc.o(i.NVIC_SystemLPConfig), (32 bytes).
    Removing misc.o(i.SysTick_CLKSourceConfig), (40 bytes).
    Removing stm32f10x_gpio.o(.rev16_text), (4 bytes).
    Removing stm32f10x_gpio.o(.revsh_text), (4 bytes).
    Removing stm32f10x_gpio.o(.rrx_text), (6 bytes).
    Removing stm32f10x_gpio.o(i.GPIO_AFIODeInit), (20 bytes).
    Removing stm32f10x_gpio.o(i.GPIO_DeInit), (200 bytes).
    Removing stm32f10x_gpio.o(i.GPIO_ETH_MediaInterfaceConfig), (12 bytes).
    Removing stm32f10x_gpio.o(i.GPIO_EXTILineConfig), (64 bytes).
    Removing stm32f10x_gpio.o(i.GPIO_EventOutputCmd), (12 bytes).
    Removing stm32f10x_gpio.o(i.GPIO_EventOutputConfig), (32 bytes).
    Removing stm32f10x_gpio.o(i.GPIO_Init), (278 bytes).
    Removing stm32f10x_gpio.o(i.GPIO_PinLockConfig), (18 bytes).
    Removing stm32f10x_gpio.o(i.GPIO_PinRemapConfig), (144 bytes).
    Removing stm32f10x_gpio.o(i.GPIO_ReadInputData), (8 bytes).
    Removing stm32f10x_gpio.o(i.GPIO_ReadInputDataBit), (18 bytes).
    Removing stm32f10x_gpio.o(i.GPIO_ReadOutputData), (8 bytes).
    Removing stm32f10x_gpio.o(i.GPIO_ReadOutputDataBit), (18 bytes).
    Removing stm32f10x_gpio.o(i.GPIO_ResetBits), (4 bytes).
    Removing stm32f10x_gpio.o(i.GPIO_SetBits), (4 bytes).
    Removing stm32f10x_gpio.o(i.GPIO_StructInit), (16 bytes).
    Removing stm32f10x_gpio.o(i.GPIO_Write), (4 bytes).
    Removing stm32f10x_gpio.o(i.GPIO_WriteBit), (10 bytes).
    Removing stm32f10x_rcc.o(.rev16_text), (4 bytes).
    Removing stm32f10x_rcc.o(.revsh_text), (4 bytes).
    Removing stm32f10x_rcc.o(.rrx_text), (6 bytes).
    Removing stm32f10x_rcc.o(i.RCC_ADCCLKConfig), (24 bytes).
    Removing stm32f10x_rcc.o(i.RCC_AHBPeriphClockCmd), (32 bytes).
    Removing stm32f10x_rcc.o(i.RCC_APB1PeriphClockCmd), (32 bytes).
    Removing stm32f10x_rcc.o(i.RCC_APB1PeriphResetCmd), (32 bytes).
    Removing stm32f10x_rcc.o(i.RCC_APB2PeriphClockCmd), (32 bytes).
    Removing stm32f10x_rcc.o(i.RCC_APB2PeriphResetCmd), (32 bytes).
    Removing stm32f10x_rcc.o(i.RCC_AdjustHSICalibrationValue), (24 bytes).
    Removing stm32f10x_rcc.o(i.RCC_BackupResetCmd), (12 bytes).
    Removing stm32f10x_rcc.o(i.RCC_ClearFlag), (20 bytes).
    Removing stm32f10x_rcc.o(i.RCC_ClearITPendingBit), (12 bytes).
    Removing stm32f10x_rcc.o(i.RCC_ClockSecuritySystemCmd), (12 bytes).
    Removing stm32f10x_rcc.o(i.RCC_DeInit), (76 bytes).
    Removing stm32f10x_rcc.o(i.RCC_GetClocksFreq), (212 bytes).
    Removing stm32f10x_rcc.o(i.RCC_GetFlagStatus), (60 bytes).
    Removing stm32f10x_rcc.o(i.RCC_GetITStatus), (24 bytes).
    Removing stm32f10x_rcc.o(i.RCC_GetSYSCLKSource), (16 bytes).
    Removing stm32f10x_rcc.o(i.RCC_HCLKConfig), (24 bytes).
    Removing stm32f10x_rcc.o(i.RCC_HSEConfig), (76 bytes).
    Removing stm32f10x_rcc.o(i.RCC_HSICmd), (12 bytes).
    Removing stm32f10x_rcc.o(i.RCC_ITConfig), (32 bytes).
    Removing stm32f10x_rcc.o(i.RCC_LSEConfig), (52 bytes).
    Removing stm32f10x_rcc.o(i.RCC_LSICmd), (12 bytes).
    Removing stm32f10x_rcc.o(i.RCC_MCOConfig), (12 bytes).
    Removing stm32f10x_rcc.o(i.RCC_PCLK1Config), (24 bytes).
    Removing stm32f10x_rcc.o(i.RCC_PCLK2Config), (24 bytes).
    Removing stm32f10x_rcc.o(i.RCC_PLLCmd), (12 bytes).
    Removing stm32f10x_rcc.o(i.RCC_PLLConfig), (28 bytes).
    Removing stm32f10x_rcc.o(i.RCC_RTCCLKCmd), (12 bytes).
    Removing stm32f10x_rcc.o(i.RCC_RTCCLKConfig), (16 bytes).
    Removing stm32f10x_rcc.o(i.RCC_SYSCLKConfig), (24 bytes).
    Removing stm32f10x_rcc.o(i.RCC_USBCLKConfig), (12 bytes).
    Removing stm32f10x_rcc.o(i.RCC_WaitForHSEStartUp), (56 bytes).
    Removing stm32f10x_rcc.o(.data), (20 bytes).
    Removing system_stm32f10x.o(.rev16_text), (4 bytes).
    Removing system_stm32f10x.o(.revsh_text), (4 bytes).
    Removing system_stm32f10x.o(.rrx_text), (6 bytes).
    Removing system_stm32f10x.o(i.SystemCoreClockUpdate), (164 bytes).

148 unused section(s) (total 5404 bytes) removed from the image.

==============================================================================

Image Symbol Table

    Local Symbols

    Symbol Name                              Value     Ov Type        Size  Object(Section)

    ../clib/angel/boardlib.s                 0x00000000   Number         0  boardinit2.o ABSOLUTE
    ../clib/angel/boardlib.s                 0x00000000   Number         0  boardinit3.o ABSOLUTE
    ../clib/angel/boardlib.s                 0x00000000   Number         0  boardshut.o ABSOLUTE
    ../clib/angel/boardlib.s                 0x00000000   Number         0  boardinit1.o ABSOLUTE
    ../clib/angel/handlers.s                 0x00000000   Number         0  __scatter_copy.o ABSOLUTE
    ../clib/angel/handlers.s                 0x00000000   Number         0  __scatter_zi.o ABSOLUTE
    ../clib/angel/kernel.s                   0x00000000   Number         0  rtexit2.o ABSOLUTE
    ../clib/angel/kernel.s                   0x00000000   Number         0  rtexit.o ABSOLUTE
    ../clib/angel/kernel.s                   0x00000000   Number         0  __rtentry.o ABSOLUTE
    ../clib/angel/kernel.s                   0x00000000   Number         0  __rtentry2.o ABSOLUTE
    ../clib/angel/kernel.s                   0x00000000   Number         0  __rtentry4.o ABSOLUTE
    ../clib/angel/rt.s                       0x00000000   Number         0  rt_locale.o ABSOLUTE
    ../clib/angel/rt.s                       0x00000000   Number         0  rt_locale_intlibspace.o ABSOLUTE
    ../clib/angel/rt.s                       0x00000000   Number         0  rt_raise.o ABSOLUTE
    ../clib/angel/scatter.s                  0x00000000   Number         0  __scatter.o ABSOLUTE
    ../clib/angel/startup.s                  0x00000000   Number         0  __main.o ABSOLUTE
    ../clib/angel/sys.s                      0x00000000   Number         0  libspace.o ABSOLUTE
    ../clib/angel/sys.s                      0x00000000   Number         0  sys_stackheap_outer.o ABSOLUTE
    ../clib/angel/sys.s                      0x00000000   Number         0  use_no_semi.o ABSOLUTE
    ../clib/angel/sys.s                      0x00000000   Number         0  indicate_semi.o ABSOLUTE
    ../clib/angel/sysapp.c                   0x00000000   Number         0  sys_wrch.o ABSOLUTE
    ../clib/angel/sysapp.c                   0x00000000   Number         0  sys_command.o ABSOLUTE
    ../clib/angel/sysapp.c                   0x00000000   Number         0  sys_exit.o ABSOLUTE
    ../clib/armsys.c                         0x00000000   Number         0  no_argv.o ABSOLUTE
    ../clib/armsys.c                         0x00000000   Number         0  argv_veneer.o ABSOLUTE
    ../clib/armsys.c                         0x00000000   Number         0  argv_veneer.o ABSOLUTE
    ../clib/armsys.c                         0x00000000   Number         0  _get_argv_nomalloc.o ABSOLUTE
    ../clib/bigflt.c                         0x00000000   Number         0  bigflt0.o ABSOLUTE
    ../clib/btod.s                           0x00000000   Number         0  btod.o ABSOLUTE
    ../clib/heapalloc.c                      0x00000000   Number         0  hrguard.o ABSOLUTE
    ../clib/heapaux.c                        0x00000000   Number         0  heapauxi.o ABSOLUTE
    ../clib/libinit.s                        0x00000000   Number         0  libinit.o ABSOLUTE
    ../clib/libinit.s                        0x00000000   Number         0  libinit2.o ABSOLUTE
    ../clib/libinit.s                        0x00000000   Number         0  libshutdown.o ABSOLUTE
    ../clib/libinit.s                        0x00000000   Number         0  libshutdown2.o ABSOLUTE
    ../clib/locale.s                         0x00000000   Number         0  lc_numeric_c.o ABSOLUTE
    ../clib/longlong.s                       0x00000000   Number         0  lludiv10.o ABSOLUTE
    ../clib/memcpset.s                       0x00000000   Number         0  strcmpv7m.o ABSOLUTE
    ../clib/misc.s                           0x00000000   Number         0  printf_stubs.o ABSOLUTE
    ../clib/printf.c                         0x00000000   Number         0  _printf_fp_dec.o ABSOLUTE
    ../clib/printf.c                         0x00000000   Number         0  _printf_char_common.o ABSOLUTE
    ../clib/printf.c                         0x00000000   Number         0  _sputc.o ABSOLUTE
    ../clib/printf.c                         0x00000000   Number         0  __2snprintf.o ABSOLUTE
    ../clib/printf.c                         0x00000000   Number         0  _snputc.o ABSOLUTE
    ../clib/printf.c                         0x00000000   Number         0  __printf_flags_ss_wp.o ABSOLUTE
    ../clib/printf.c                         0x00000000   Number         0  __printf_ss_wp.o ABSOLUTE
    ../clib/printf.c                         0x00000000   Number         0  __printf_flags_wp.o ABSOLUTE
    ../clib/printf.c                         0x00000000   Number         0  __printf_wp.o ABSOLUTE
    ../clib/printf.c                         0x00000000   Number         0  __printf_flags_ss.o ABSOLUTE
    ../clib/printf.c                         0x00000000   Number         0  __printf_ss.o ABSOLUTE
    ../clib/printf.c                         0x00000000   Number         0  __printf_flags.o ABSOLUTE
    ../clib/printf.c                         0x00000000   Number         0  __printf.o ABSOLUTE
    ../clib/printf.c                         0x00000000   Number         0  noretval__2snprintf.o ABSOLUTE
    ../clib/printf.c                         0x00000000   Number         0  __printf_nopercent.o ABSOLUTE
    ../clib/printf.c                         0x00000000   Number         0  _printf_fp_infnan.o ABSOLUTE
    ../clib/printf_percent.s                 0x00000000   Number         0  _printf_percent.o ABSOLUTE
    ../clib/printf_percent.s                 0x00000000   Number         0  _printf_percent_end.o ABSOLUTE
    ../clib/printf_percent.s                 0x00000000   Number         0  _printf_f.o ABSOLUTE
    ../clib/signal.c                         0x00000000   Number         0  defsig_abrt_inner.o ABSOLUTE
    ../clib/signal.c                         0x00000000   Number         0  defsig_rtmem_inner.o ABSOLUTE
    ../clib/signal.c                         0x00000000   Number         0  defsig_fpe_inner.o ABSOLUTE
    ../clib/signal.c                         0x00000000   Number         0  defsig_exit.o ABSOLUTE
    ../clib/signal.c                         0x00000000   Number         0  defsig_general.o ABSOLUTE
    ../clib/signal.c                         0x00000000   Number         0  defsig_rtred_inner.o ABSOLUTE
    ../clib/signal.c                         0x00000000   Number         0  defsig_stak_inner.o ABSOLUTE
    ../clib/signal.c                         0x00000000   Number         0  __raise.o ABSOLUTE
    ../clib/signal.c                         0x00000000   Number         0  defsig_pvfn_inner.o ABSOLUTE
    ../clib/signal.c                         0x00000000   Number         0  defsig_rtmem_formal.o ABSOLUTE
    ../clib/signal.c                         0x00000000   Number         0  defsig_rtmem_outer.o ABSOLUTE
    ../clib/signal.c                         0x00000000   Number         0  defsig_cppl_inner.o ABSOLUTE
    ../clib/signal.c                         0x00000000   Number         0  defsig_other.o ABSOLUTE
    ../clib/signal.c                         0x00000000   Number         0  defsig_segv_inner.o ABSOLUTE
    ../clib/signal.s                         0x00000000   Number         0  defsig.o ABSOLUTE
    ../clib/stdlib.c                         0x00000000   Number         0  exit.o ABSOLUTE
    ../fplib/d2f.s                           0x00000000   Number         0  d2f.o ABSOLUTE
    ../fplib/daddsub.s                       0x00000000   Number         0  daddsub_clz.o ABSOLUTE
    ../fplib/ddiv.s                          0x00000000   Number         0  ddiv.o ABSOLUTE
    ../fplib/dfix.s                          0x00000000   Number         0  dfix.o ABSOLUTE
    ../fplib/dfixu.s                         0x00000000   Number         0  dfixu.o ABSOLUTE
    ../fplib/dflt.s                          0x00000000   Number         0  dflt_clz.o ABSOLUTE
    ../fplib/dmul.s                          0x00000000   Number         0  dmul.o ABSOLUTE
    ../fplib/dnaninf.s                       0x00000000   Number         0  dnaninf.o ABSOLUTE
    ../fplib/dretinf.s                       0x00000000   Number         0  dretinf.o ABSOLUTE
    ../fplib/f2d.s                           0x00000000   Number         0  f2d.o ABSOLUTE
    ../fplib/faddsub.s                       0x00000000   Number         0  faddsub_clz.o ABSOLUTE
    ../fplib/fdiv.s                          0x00000000   Number         0  fdiv.o ABSOLUTE
    ../fplib/ffix.s                          0x00000000   Number         0  ffix.o ABSOLUTE
    ../fplib/fflt.s                          0x00000000   Number         0  fflt_clz.o ABSOLUTE
    ../fplib/fmul.s                          0x00000000   Number         0  fmul.o ABSOLUTE
    ../fplib/fnaninf.s                       0x00000000   Number         0  fnaninf.o ABSOLUTE
    ../fplib/fpinit.s                        0x00000000   Number         0  fpinit.o ABSOLUTE
    ../fplib/fretinf.s                       0x00000000   Number         0  fretinf.o ABSOLUTE
    ../fplib/istatus.s                       0x00000000   Number         0  istatus.o ABSOLUTE
    ../fplib/printf1.s                       0x00000000   Number         0  printf1.o ABSOLUTE
    ../fplib/usenofp.s                       0x00000000   Number         0  usenofp.o ABSOLUTE
    ../mathlib/fpclassify.c                  0x00000000   Number         0  fpclassify.o ABSOLUTE
    C:/Users/NGUYEN VIET DUC/AppData/Local/Arm/Packs/Keil/STM32F1xx_DFP/2.4.1/Device/StdPeriph_Driver/src/misc.c 0x00000000   Number         0  misc.o ABSOLUTE
    C:/Users/NGUYEN VIET DUC/AppData/Local/Arm/Packs/Keil/STM32F1xx_DFP/2.4.1/Device/StdPeriph_Driver/src/stm32f10x_gpio.c 0x00000000   Number         0  stm32f10x_gpio.o ABSOLUTE
    C:/Users/NGUYEN VIET DUC/AppData/Local/Arm/Packs/Keil/STM32F1xx_DFP/2.4.1/Device/StdPeriph_Driver/src/stm32f10x_rcc.c 0x00000000   Number         0  stm32f10x_rcc.o ABSOLUTE
    C:\Users\NGUYEN VIET DUC\AppData\Local\Arm\Packs\Keil\STM32F1xx_DFP\2.4.1\Device\StdPeriph_Driver\src\misc.c 0x00000000   Number         0  misc.o ABSOLUTE
    C:\Users\NGUYEN VIET DUC\AppData\Local\Arm\Packs\Keil\STM32F1xx_DFP\2.4.1\Device\StdPeriph_Driver\src\stm32f10x_gpio.c 0x00000000   Number         0  stm32f10x_gpio.o ABSOLUTE
    C:\Users\NGUYEN VIET DUC\AppData\Local\Arm\Packs\Keil\STM32F1xx_DFP\2.4.1\Device\StdPeriph_Driver\src\stm32f10x_rcc.c 0x00000000   Number         0  stm32f10x_rcc.o ABSOLUTE
    RTE/Device/STM32F103C8/startup_stm32f10x_md.s 0x00000000   Number         0  startup_stm32f10x_md.o ABSOLUTE
    RTE/Device/STM32F103C8/system_stm32f10x.c 0x00000000   Number         0  system_stm32f10x.o ABSOLUTE
    RTE\Device\STM32F103C8\system_stm32f10x.c 0x00000000   Number         0  system_stm32f10x.o ABSOLUTE
    adc.c                                    0x00000000   Number         0  adc.o ABSOLUTE
    adc.c                                    0x00000000   Number         0  adc.o ABSOLUTE
    dc.s                                     0x00000000   Number         0  dc.o ABSOLUTE
    dht11.c                                  0x00000000   Number         0  dht11.o ABSOLUTE
    dht11.c                                  0x00000000   Number         0  dht11.o ABSOLUTE
    gpio.c                                   0x00000000   Number         0  gpio.o ABSOLUTE
    gpio.c                                   0x00000000   Number         0  gpio.o ABSOLUTE
    i2c.c                                    0x00000000   Number         0  i2c.o ABSOLUTE
    i2c.c                                    0x00000000   Number         0  i2c.o ABSOLUTE
    i2c_lcd.c                                0x00000000   Number         0  i2c_lcd.o ABSOLUTE
    i2c_lcd.c                                0x00000000   Number         0  i2c_lcd.o ABSOLUTE
    ir_sensor.c                              0x00000000   Number         0  ir_sensor.o ABSOLUTE
    ir_sensor.c                              0x00000000   Number         0  ir_sensor.o ABSOLUTE
    lowpass.c                                0x00000000   Number         0  lowpass.o ABSOLUTE
    lowpass.c                                0x00000000   Number         0  lowpass.o ABSOLUTE
    main.c                                   0x00000000   Number         0  main.o ABSOLUTE
    main.c                                   0x00000000   Number         0  main.o ABSOLUTE
    mq135.c                                  0x00000000   Number         0  mq135.o ABSOLUTE
    mq135.c                                  0x00000000   Number         0  mq135.o ABSOLUTE
    pwm.c                                    0x00000000   Number         0  pwm.o ABSOLUTE
    pwm.c                                    0x00000000   Number         0  pwm.o ABSOLUTE
    relay.c                                  0x00000000   Number         0  relay.o ABSOLUTE
    relay.c                                  0x00000000   Number         0  relay.o ABSOLUTE
    servo.c                                  0x00000000   Number         0  servo.o ABSOLUTE
    servo.c                                  0x00000000   Number         0  servo.o ABSOLUTE
    systick.c                                0x00000000   Number         0  systick.o ABSOLUTE
    systick.c                                0x00000000   Number         0  systick.o ABSOLUTE
    uart.c                                   0x00000000   Number         0  uart.o ABSOLUTE
    uart.c                                   0x00000000   Number         0  uart.o ABSOLUTE
    RESET                                    0x08000000   Section      236  startup_stm32f10x_md.o(RESET)
    !!!main                                  0x080000ec   Section        8  __main.o(!!!main)
    !!!scatter                               0x080000f4   Section       52  __scatter.o(!!!scatter)
    !!handler_copy                           0x08000128   Section       26  __scatter_copy.o(!!handler_copy)
    !!handler_zi                             0x08000144   Section       28  __scatter_zi.o(!!handler_zi)
    .ARM.Collect$$_printf_percent$$00000000  0x08000160   Section        0  _printf_percent.o(.ARM.Collect$$_printf_percent$$00000000)
    .ARM.Collect$$_printf_percent$$00000003  0x08000160   Section        6  _printf_f.o(.ARM.Collect$$_printf_percent$$00000003)
    .ARM.Collect$$_printf_percent$$00000017  0x08000166   Section        4  _printf_percent_end.o(.ARM.Collect$$_printf_percent$$00000017)
    .ARM.Collect$$libinit$$00000000          0x0800016a   Section        2  libinit.o(.ARM.Collect$$libinit$$00000000)
    .ARM.Collect$$libinit$$00000002          0x0800016c   Section        0  libinit2.o(.ARM.Collect$$libinit$$00000002)
    .ARM.Collect$$libinit$$00000004          0x0800016c   Section        0  libinit2.o(.ARM.Collect$$libinit$$00000004)
    .ARM.Collect$$libinit$$0000000A          0x0800016c   Section        0  libinit2.o(.ARM.Collect$$libinit$$0000000A)
    .ARM.Collect$$libinit$$0000000C          0x0800016c   Section        0  libinit2.o(.ARM.Collect$$libinit$$0000000C)
    .ARM.Collect$$libinit$$0000000E          0x0800016c   Section        0  libinit2.o(.ARM.Collect$$libinit$$0000000E)
    .ARM.Collect$$libinit$$0000000F          0x0800016c   Section        6  libinit2.o(.ARM.Collect$$libinit$$0000000F)
    .ARM.Collect$$libinit$$00000011          0x08000172   Section        0  libinit2.o(.ARM.Collect$$libinit$$00000011)
    .ARM.Collect$$libinit$$00000013          0x08000172   Section        0  libinit2.o(.ARM.Collect$$libinit$$00000013)
    .ARM.Collect$$libinit$$00000015          0x08000172   Section        0  libinit2.o(.ARM.Collect$$libinit$$00000015)
    .ARM.Collect$$libinit$$00000016          0x08000172   Section       10  libinit2.o(.ARM.Collect$$libinit$$00000016)
    .ARM.Collect$$libinit$$00000017          0x0800017c   Section        0  libinit2.o(.ARM.Collect$$libinit$$00000017)
    .ARM.Collect$$libinit$$00000019          0x0800017c   Section        0  libinit2.o(.ARM.Collect$$libinit$$00000019)
    .ARM.Collect$$libinit$$0000001B          0x0800017c   Section        0  libinit2.o(.ARM.Collect$$libinit$$0000001B)
    .ARM.Collect$$libinit$$0000001D          0x0800017c   Section        0  libinit2.o(.ARM.Collect$$libinit$$0000001D)
    .ARM.Collect$$libinit$$0000001F          0x0800017c   Section        0  libinit2.o(.ARM.Collect$$libinit$$0000001F)
    .ARM.Collect$$libinit$$00000021          0x0800017c   Section        0  libinit2.o(.ARM.Collect$$libinit$$00000021)
    .ARM.Collect$$libinit$$00000023          0x0800017c   Section        0  libinit2.o(.ARM.Collect$$libinit$$00000023)
    .ARM.Collect$$libinit$$00000025          0x0800017c   Section        0  libinit2.o(.ARM.Collect$$libinit$$00000025)
    .ARM.Collect$$libinit$$0000002C          0x0800017c   Section        0  libinit2.o(.ARM.Collect$$libinit$$0000002C)
    .ARM.Collect$$libinit$$0000002E          0x0800017c   Section        0  libinit2.o(.ARM.Collect$$libinit$$0000002E)
    .ARM.Collect$$libinit$$00000030          0x0800017c   Section        0  libinit2.o(.ARM.Collect$$libinit$$00000030)
    .ARM.Collect$$libinit$$00000032          0x0800017c   Section        0  libinit2.o(.ARM.Collect$$libinit$$00000032)
    .ARM.Collect$$libinit$$00000033          0x0800017c   Section        2  libinit2.o(.ARM.Collect$$libinit$$00000033)
    .ARM.Collect$$libshutdown$$00000000      0x0800017e   Section        2  libshutdown.o(.ARM.Collect$$libshutdown$$00000000)
    .ARM.Collect$$libshutdown$$00000002      0x08000180   Section        0  libshutdown2.o(.ARM.Collect$$libshutdown$$00000002)
    .ARM.Collect$$libshutdown$$00000004      0x08000180   Section        0  libshutdown2.o(.ARM.Collect$$libshutdown$$00000004)
    .ARM.Collect$$libshutdown$$00000006      0x08000180   Section        0  libshutdown2.o(.ARM.Collect$$libshutdown$$00000006)
    .ARM.Collect$$libshutdown$$00000009      0x08000180   Section        0  libshutdown2.o(.ARM.Collect$$libshutdown$$00000009)
    .ARM.Collect$$libshutdown$$0000000C      0x08000180   Section        0  libshutdown2.o(.ARM.Collect$$libshutdown$$0000000C)
    .ARM.Collect$$libshutdown$$0000000E      0x08000180   Section        0  libshutdown2.o(.ARM.Collect$$libshutdown$$0000000E)
    .ARM.Collect$$libshutdown$$00000011      0x08000180   Section        0  libshutdown2.o(.ARM.Collect$$libshutdown$$00000011)
    .ARM.Collect$$libshutdown$$00000012      0x08000180   Section        2  libshutdown2.o(.ARM.Collect$$libshutdown$$00000012)
    .ARM.Collect$$rtentry$$00000000          0x08000182   Section        0  __rtentry.o(.ARM.Collect$$rtentry$$00000000)
    .ARM.Collect$$rtentry$$00000002          0x08000182   Section        0  __rtentry2.o(.ARM.Collect$$rtentry$$00000002)
    .ARM.Collect$$rtentry$$00000004          0x08000182   Section        6  __rtentry4.o(.ARM.Collect$$rtentry$$00000004)
    .ARM.Collect$$rtentry$$00000009          0x08000188   Section        0  __rtentry2.o(.ARM.Collect$$rtentry$$00000009)
    .ARM.Collect$$rtentry$$0000000A          0x08000188   Section        4  __rtentry2.o(.ARM.Collect$$rtentry$$0000000A)
    .ARM.Collect$$rtentry$$0000000C          0x0800018c   Section        0  __rtentry2.o(.ARM.Collect$$rtentry$$0000000C)
    .ARM.Collect$$rtentry$$0000000D          0x0800018c   Section        8  __rtentry2.o(.ARM.Collect$$rtentry$$0000000D)
    .ARM.Collect$$rtexit$$00000000           0x08000194   Section        2  rtexit.o(.ARM.Collect$$rtexit$$00000000)
    .ARM.Collect$$rtexit$$00000002           0x08000196   Section        0  rtexit2.o(.ARM.Collect$$rtexit$$00000002)
    .ARM.Collect$$rtexit$$00000003           0x08000196   Section        4  rtexit2.o(.ARM.Collect$$rtexit$$00000003)
    .ARM.Collect$$rtexit$$00000004           0x0800019a   Section        6  rtexit2.o(.ARM.Collect$$rtexit$$00000004)
    .text                                    0x080001a0   Section       64  startup_stm32f10x_md.o(.text)
    .text                                    0x080001e0   Section        0  noretval__2snprintf.o(.text)
    .text                                    0x08000214   Section        0  __printf_wp.o(.text)
    .text                                    0x08000322   Section        0  heapauxi.o(.text)
    .text                                    0x08000328   Section        0  _printf_fp_dec.o(.text)
    _fp_digits                               0x0800032b   Thumb Code   432  _printf_fp_dec.o(.text)
    .text                                    0x08000748   Section        0  _printf_char_common.o(.text)
    _printf_input_char                       0x08000749   Thumb Code    10  _printf_char_common.o(.text)
    .text                                    0x08000778   Section        0  _sputc.o(.text)
    .text                                    0x08000782   Section        0  _snputc.o(.text)
    .text                                    0x08000794   Section        8  rt_locale_intlibspace.o(.text)
    .text                                    0x0800079c   Section      138  lludiv10.o(.text)
    .text                                    0x08000828   Section        0  _printf_fp_infnan.o(.text)
    .text                                    0x080008a8   Section        0  bigflt0.o(.text)
    .text                                    0x0800098c   Section        8  libspace.o(.text)
    .text                                    0x08000994   Section       74  sys_stackheap_outer.o(.text)
    .text                                    0x080009de   Section        0  exit.o(.text)
    .text                                    0x080009f0   Section      128  strcmpv7m.o(.text)
    .text                                    0x08000a70   Section        0  sys_exit.o(.text)
    .text                                    0x08000a7c   Section        2  use_no_semi.o(.text)
    .text                                    0x08000a7e   Section        0  indicate_semi.o(.text)
    CL$$btod_d2e                             0x08000a7e   Section       62  btod.o(CL$$btod_d2e)
    CL$$btod_d2e_denorm_low                  0x08000abc   Section       70  btod.o(CL$$btod_d2e_denorm_low)
    CL$$btod_d2e_norm_op1                    0x08000b02   Section       96  btod.o(CL$$btod_d2e_norm_op1)
    CL$$btod_div_common                      0x08000b62   Section      824  btod.o(CL$$btod_div_common)
    CL$$btod_e2e                             0x08000e9a   Section      220  btod.o(CL$$btod_e2e)
    CL$$btod_ediv                            0x08000f76   Section       42  btod.o(CL$$btod_ediv)
    CL$$btod_emul                            0x08000fa0   Section       42  btod.o(CL$$btod_emul)
    CL$$btod_mult_common                     0x08000fca   Section      580  btod.o(CL$$btod_mult_common)
    i.DelayMillis                            0x08001210   Section        0  systick.o(i.DelayMillis)
    DelayMillis                              0x08001211   Thumb Code    40  systick.o(i.DelayMillis)
    i.SetSysClock                            0x0800123c   Section        0  system_stm32f10x.o(i.SetSysClock)
    SetSysClock                              0x0800123d   Thumb Code     8  system_stm32f10x.o(i.SetSysClock)
    i.SetSysClockTo72                        0x08001244   Section        0  system_stm32f10x.o(i.SetSysClockTo72)
    SetSysClockTo72                          0x08001245   Thumb Code   214  system_stm32f10x.o(i.SetSysClockTo72)
    i.SystemInit                             0x08001324   Section        0  system_stm32f10x.o(i.SystemInit)
    i.__ARM_fpclassify                       0x08001384   Section        0  fpclassify.o(i.__ARM_fpclassify)
    i._is_digit                              0x080013ac   Section        0  __printf_wp.o(i._is_digit)
    i.adc_init                               0x080013bc   Section        0  adc.o(i.adc_init)
    i.adc_rx                                 0x0800149c   Section        0  adc.o(i.adc_rx)
    i.delay_ms                               0x080014c0   Section        0  systick.o(i.delay_ms)
    i.filt                                   0x080014d2   Section        0  lowpass.o(i.filt)
    i.gpio_init                              0x0800154c   Section        0  gpio.o(i.gpio_init)
    i.lowpass_init                           0x08001704   Section        0  lowpass.o(i.lowpass_init)
    i.main                                   0x08001760   Section        0  main.o(i.main)
    i.pwm_init                               0x08001860   Section        0  pwm.o(i.pwm_init)
    i.setCoef                                0x08001bf4   Section        0  lowpass.o(i.setCoef)
    setCoef                                  0x08001bf5   Thumb Code   186  lowpass.o(i.setCoef)
    i.set_duty                               0x08001cb0   Section        0  pwm.o(i.set_duty)
    i.systick_init                           0x08001d7c   Section        0  systick.o(i.systick_init)
    i.uart_init                              0x08001d94   Section        0  uart.o(i.uart_init)
    i.uart_send_msg                          0x08001f04   Section        0  uart.o(i.uart_send_msg)
    i.uart_tx                                0x08001f20   Section        0  uart.o(i.uart_tx)
    locale$$code                             0x08001f78   Section       44  lc_numeric_c.o(locale$$code)
    x$fpl$d2f                                0x08001fa4   Section       98  d2f.o(x$fpl$d2f)
    x$fpl$dadd                               0x08002008   Section      336  daddsub_clz.o(x$fpl$dadd)
    _dadd1                                   0x08002019   Thumb Code     0  daddsub_clz.o(x$fpl$dadd)
    x$fpl$ddiv                               0x08002158   Section      688  ddiv.o(x$fpl$ddiv)
    ddiv_entry                               0x0800215f   Thumb Code     0  ddiv.o(x$fpl$ddiv)
    x$fpl$dfixu                              0x08002408   Section       90  dfixu.o(x$fpl$dfixu)
    x$fpl$dflt                               0x08002462   Section       46  dflt_clz.o(x$fpl$dflt)
    x$fpl$dmul                               0x08002490   Section      340  dmul.o(x$fpl$dmul)
    x$fpl$dnaninf                            0x080025e4   Section      156  dnaninf.o(x$fpl$dnaninf)
    x$fpl$dretinf                            0x08002680   Section       12  dretinf.o(x$fpl$dretinf)
    x$fpl$dsub                               0x0800268c   Section      468  daddsub_clz.o(x$fpl$dsub)
    _dsub1                                   0x0800269d   Thumb Code     0  daddsub_clz.o(x$fpl$dsub)
    x$fpl$f2d                                0x08002860   Section       86  f2d.o(x$fpl$f2d)
    x$fpl$fadd                               0x080028b8   Section      196  faddsub_clz.o(x$fpl$fadd)
    _fadd1                                   0x080028c7   Thumb Code     0  faddsub_clz.o(x$fpl$fadd)
    x$fpl$fdiv                               0x0800297c   Section      388  fdiv.o(x$fpl$fdiv)
    _fdiv1                                   0x0800297d   Thumb Code     0  fdiv.o(x$fpl$fdiv)
    x$fpl$ffix                               0x08002b00   Section       54  ffix.o(x$fpl$ffix)
    x$fpl$fflt                               0x08002b38   Section       48  fflt_clz.o(x$fpl$fflt)
    x$fpl$fmul                               0x08002b68   Section      258  fmul.o(x$fpl$fmul)
    x$fpl$fnaninf                            0x08002c6a   Section      140  fnaninf.o(x$fpl$fnaninf)
    x$fpl$fretinf                            0x08002cf6   Section       10  fretinf.o(x$fpl$fretinf)
    x$fpl$fsub                               0x08002d00   Section      234  faddsub_clz.o(x$fpl$fsub)
    _fsub1                                   0x08002d0f   Thumb Code     0  faddsub_clz.o(x$fpl$fsub)
    x$fpl$printf1                            0x08002dea   Section        4  printf1.o(x$fpl$printf1)
    x$fpl$usenofp                            0x08002dee   Section        0  usenofp.o(x$fpl$usenofp)
    .constdata                               0x08002df0   Section      148  bigflt0.o(.constdata)
    tenpwrs_x                                0x08002df0   Data          60  bigflt0.o(.constdata)
    tenpwrs_i                                0x08002e2c   Data          64  bigflt0.o(.constdata)
    locale$$data                             0x08002ea4   Section       28  lc_numeric_c.o(locale$$data)
    __lcnum_c_name                           0x08002ea8   Data           2  lc_numeric_c.o(locale$$data)
    __lcnum_c_start                          0x08002eb0   Data           0  lc_numeric_c.o(locale$$data)
    __lcnum_c_point                          0x08002ebc   Data           0  lc_numeric_c.o(locale$$data)
    __lcnum_c_thousands                      0x08002ebe   Data           0  lc_numeric_c.o(locale$$data)
    __lcnum_c_grouping                       0x08002ebf   Data           0  lc_numeric_c.o(locale$$data)
    __lcnum_c_end                            0x08002ec0   Data           0  lc_numeric_c.o(locale$$data)
    .data                                    0x20000000   Section        4  main.o(.data)
    .data                                    0x20000004   Section       20  system_stm32f10x.o(.data)
    .bss                                     0x20000018   Section       10  main.o(.bss)
    .bss                                     0x20000024   Section       96  libspace.o(.bss)
    HEAP                                     0x20000088   Section      512  startup_stm32f10x_md.o(HEAP)
    Heap_Mem                                 0x20000088   Data         512  startup_stm32f10x_md.o(HEAP)
    STACK                                    0x20000288   Section     1024  startup_stm32f10x_md.o(STACK)
    Stack_Mem                                0x20000288   Data        1024  startup_stm32f10x_md.o(STACK)
    __initial_sp                             0x20000688   Data           0  startup_stm32f10x_md.o(STACK)

    Global Symbols

    Symbol Name                              Value     Ov Type        Size  Object(Section)

    BuildAttributes$$THM_ISAv4$P$D$K$B$S$PE$A:L22UL41UL21$X:L11$S22US41US21$IEEE1$IW$USESV6$~STKCKD$USESV7$~SHL$OTIME$ROPI$IEEEJ$EBA8$UX$STANDARDLIB$REQ8$PRES8$EABIv2 0x00000000   Number         0  anon$$obj.o ABSOLUTE
    __ARM_use_no_argv                        0x00000000   Number         0  main.o ABSOLUTE
    _printf_flags                            0x00000000   Number         0  printf_stubs.o ABSOLUTE
    _printf_return_value                     0x00000000   Number         0  printf_stubs.o ABSOLUTE
    _printf_sizespec                         0x00000000   Number         0  printf_stubs.o ABSOLUTE
    _printf_widthprec                        0x00000000   Number         0  printf_stubs.o ABSOLUTE
    __ARM_exceptions_init                     - Undefined Weak Reference
    __alloca_initialize                       - Undefined Weak Reference
    __arm_fini_                               - Undefined Weak Reference
    __arm_preinit_                            - Undefined Weak Reference
    __cpp_initialize__aeabi_                  - Undefined Weak Reference
    __cxa_finalize                            - Undefined Weak Reference
    __sigvec_lookup                           - Undefined Weak Reference
    _atexit_init                              - Undefined Weak Reference
    _call_atexit_fns                          - Undefined Weak Reference
    _clock_init                               - Undefined Weak Reference
    _fp_trap_init                             - Undefined Weak Reference
    _fp_trap_shutdown                         - Undefined Weak Reference
    _get_lc_collate                           - Undefined Weak Reference
    _get_lc_ctype                             - Undefined Weak Reference
    _get_lc_monetary                          - Undefined Weak Reference
    _get_lc_time                              - Undefined Weak Reference
    _getenv_init                              - Undefined Weak Reference
    _handle_redirection                       - Undefined Weak Reference
    _init_alloc                               - Undefined Weak Reference
    _init_user_alloc                          - Undefined Weak Reference
    _initio                                   - Undefined Weak Reference
    _printf_post_padding                      - Undefined Weak Reference
    _printf_pre_padding                       - Undefined Weak Reference
    _rand_init                                - Undefined Weak Reference
    _signal_finish                            - Undefined Weak Reference
    _signal_init                              - Undefined Weak Reference
    _terminate_alloc                          - Undefined Weak Reference
    _terminate_user_alloc                     - Undefined Weak Reference
    _terminateio                              - Undefined Weak Reference
    __Vectors_Size                           0x000000ec   Number         0  startup_stm32f10x_md.o ABSOLUTE
    __Vectors                                0x08000000   Data           4  startup_stm32f10x_md.o(RESET)
    __Vectors_End                            0x080000ec   Data           0  startup_stm32f10x_md.o(RESET)
    __main                                   0x080000ed   Thumb Code     8  __main.o(!!!main)
    __scatterload                            0x080000f5   Thumb Code     0  __scatter.o(!!!scatter)
    __scatterload_rt2                        0x080000f5   Thumb Code    44  __scatter.o(!!!scatter)
    __scatterload_rt2_thumb_only             0x080000f5   Thumb Code     0  __scatter.o(!!!scatter)
    __scatterload_null                       0x08000103   Thumb Code     0  __scatter.o(!!!scatter)
    __scatterload_copy                       0x08000129   Thumb Code    26  __scatter_copy.o(!!handler_copy)
    __scatterload_zeroinit                   0x08000145   Thumb Code    28  __scatter_zi.o(!!handler_zi)
    _printf_f                                0x08000161   Thumb Code     0  _printf_f.o(.ARM.Collect$$_printf_percent$$00000003)
    _printf_percent                          0x08000161   Thumb Code     0  _printf_percent.o(.ARM.Collect$$_printf_percent$$00000000)
    _printf_percent_end                      0x08000167   Thumb Code     0  _printf_percent_end.o(.ARM.Collect$$_printf_percent$$00000017)
    __rt_lib_init                            0x0800016b   Thumb Code     0  libinit.o(.ARM.Collect$$libinit$$00000000)
    __rt_lib_init_fp_1                       0x0800016d   Thumb Code     0  libinit2.o(.ARM.Collect$$libinit$$00000002)
    __rt_lib_init_heap_1                     0x0800016d   Thumb Code     0  libinit2.o(.ARM.Collect$$libinit$$0000000A)
    __rt_lib_init_lc_common                  0x0800016d   Thumb Code     0  libinit2.o(.ARM.Collect$$libinit$$0000000F)
    __rt_lib_init_preinit_1                  0x0800016d   Thumb Code     0  libinit2.o(.ARM.Collect$$libinit$$00000004)
    __rt_lib_init_rand_1                     0x0800016d   Thumb Code     0  libinit2.o(.ARM.Collect$$libinit$$0000000E)
    __rt_lib_init_user_alloc_1               0x0800016d   Thumb Code     0  libinit2.o(.ARM.Collect$$libinit$$0000000C)
    __rt_lib_init_lc_collate_1               0x08000173   Thumb Code     0  libinit2.o(.ARM.Collect$$libinit$$00000011)
    __rt_lib_init_lc_ctype_1                 0x08000173   Thumb Code     0  libinit2.o(.ARM.Collect$$libinit$$00000013)
    __rt_lib_init_lc_monetary_1              0x08000173   Thumb Code     0  libinit2.o(.ARM.Collect$$libinit$$00000015)
    __rt_lib_init_lc_numeric_2               0x08000173   Thumb Code     0  libinit2.o(.ARM.Collect$$libinit$$00000016)
    __rt_lib_init_alloca_1                   0x0800017d   Thumb Code     0  libinit2.o(.ARM.Collect$$libinit$$0000002E)
    __rt_lib_init_argv_1                     0x0800017d   Thumb Code     0  libinit2.o(.ARM.Collect$$libinit$$0000002C)
    __rt_lib_init_atexit_1                   0x0800017d   Thumb Code     0  libinit2.o(.ARM.Collect$$libinit$$0000001B)
    __rt_lib_init_clock_1                    0x0800017d   Thumb Code     0  libinit2.o(.ARM.Collect$$libinit$$00000021)
    __rt_lib_init_cpp_1                      0x0800017d   Thumb Code     0  libinit2.o(.ARM.Collect$$libinit$$00000032)
    __rt_lib_init_exceptions_1               0x0800017d   Thumb Code     0  libinit2.o(.ARM.Collect$$libinit$$00000030)
    __rt_lib_init_fp_trap_1                  0x0800017d   Thumb Code     0  libinit2.o(.ARM.Collect$$libinit$$0000001F)
    __rt_lib_init_getenv_1                   0x0800017d   Thumb Code     0  libinit2.o(.ARM.Collect$$libinit$$00000023)
    __rt_lib_init_lc_numeric_1               0x0800017d   Thumb Code     0  libinit2.o(.ARM.Collect$$libinit$$00000017)
    __rt_lib_init_lc_time_1                  0x0800017d   Thumb Code     0  libinit2.o(.ARM.Collect$$libinit$$00000019)
    __rt_lib_init_return                     0x0800017d   Thumb Code     0  libinit2.o(.ARM.Collect$$libinit$$00000033)
    __rt_lib_init_signal_1                   0x0800017d   Thumb Code     0  libinit2.o(.ARM.Collect$$libinit$$0000001D)
    __rt_lib_init_stdio_1                    0x0800017d   Thumb Code     0  libinit2.o(.ARM.Collect$$libinit$$00000025)
    __rt_lib_shutdown                        0x0800017f   Thumb Code     0  libshutdown.o(.ARM.Collect$$libshutdown$$00000000)
    __rt_lib_shutdown_cpp_1                  0x08000181   Thumb Code     0  libshutdown2.o(.ARM.Collect$$libshutdown$$00000004)
    __rt_lib_shutdown_fini_1                 0x08000181   Thumb Code     0  libshutdown2.o(.ARM.Collect$$libshutdown$$00000002)
    __rt_lib_shutdown_fp_trap_1              0x08000181   Thumb Code     0  libshutdown2.o(.ARM.Collect$$libshutdown$$00000009)
    __rt_lib_shutdown_heap_1                 0x08000181   Thumb Code     0  libshutdown2.o(.ARM.Collect$$libshutdown$$00000011)
    __rt_lib_shutdown_return                 0x08000181   Thumb Code     0  libshutdown2.o(.ARM.Collect$$libshutdown$$00000012)
    __rt_lib_shutdown_signal_1               0x08000181   Thumb Code     0  libshutdown2.o(.ARM.Collect$$libshutdown$$0000000C)
    __rt_lib_shutdown_stdio_1                0x08000181   Thumb Code     0  libshutdown2.o(.ARM.Collect$$libshutdown$$00000006)
    __rt_lib_shutdown_user_alloc_1           0x08000181   Thumb Code     0  libshutdown2.o(.ARM.Collect$$libshutdown$$0000000E)
    __rt_entry                               0x08000183   Thumb Code     0  __rtentry.o(.ARM.Collect$$rtentry$$00000000)
    __rt_entry_presh_1                       0x08000183   Thumb Code     0  __rtentry2.o(.ARM.Collect$$rtentry$$00000002)
    __rt_entry_sh                            0x08000183   Thumb Code     0  __rtentry4.o(.ARM.Collect$$rtentry$$00000004)
    __rt_entry_li                            0x08000189   Thumb Code     0  __rtentry2.o(.ARM.Collect$$rtentry$$0000000A)
    __rt_entry_postsh_1                      0x08000189   Thumb Code     0  __rtentry2.o(.ARM.Collect$$rtentry$$00000009)
    __rt_entry_main                          0x0800018d   Thumb Code     0  __rtentry2.o(.ARM.Collect$$rtentry$$0000000D)
    __rt_entry_postli_1                      0x0800018d   Thumb Code     0  __rtentry2.o(.ARM.Collect$$rtentry$$0000000C)
    __rt_exit                                0x08000195   Thumb Code     0  rtexit.o(.ARM.Collect$$rtexit$$00000000)
    __rt_exit_ls                             0x08000197   Thumb Code     0  rtexit2.o(.ARM.Collect$$rtexit$$00000003)
    __rt_exit_prels_1                        0x08000197   Thumb Code     0  rtexit2.o(.ARM.Collect$$rtexit$$00000002)
    __rt_exit_exit                           0x0800019b   Thumb Code     0  rtexit2.o(.ARM.Collect$$rtexit$$00000004)
    Reset_Handler                            0x080001a1   Thumb Code     8  startup_stm32f10x_md.o(.text)
    NMI_Handler                              0x080001a9   Thumb Code     2  startup_stm32f10x_md.o(.text)
    HardFault_Handler                        0x080001ab   Thumb Code     2  startup_stm32f10x_md.o(.text)
    MemManage_Handler                        0x080001ad   Thumb Code     2  startup_stm32f10x_md.o(.text)
    BusFault_Handler                         0x080001af   Thumb Code     2  startup_stm32f10x_md.o(.text)
    UsageFault_Handler                       0x080001b1   Thumb Code     2  startup_stm32f10x_md.o(.text)
    SVC_Handler                              0x080001b3   Thumb Code     2  startup_stm32f10x_md.o(.text)
    DebugMon_Handler                         0x080001b5   Thumb Code     2  startup_stm32f10x_md.o(.text)
    PendSV_Handler                           0x080001b7   Thumb Code     2  startup_stm32f10x_md.o(.text)
    SysTick_Handler                          0x080001b9   Thumb Code     2  startup_stm32f10x_md.o(.text)
    ADC1_2_IRQHandler                        0x080001bb   Thumb Code     0  startup_stm32f10x_md.o(.text)
    CAN1_RX1_IRQHandler                      0x080001bb   Thumb Code     0  startup_stm32f10x_md.o(.text)
    CAN1_SCE_IRQHandler                      0x080001bb   Thumb Code     0  startup_stm32f10x_md.o(.text)
    DMA1_Channel1_IRQHandler                 0x080001bb   Thumb Code     0  startup_stm32f10x_md.o(.text)
    DMA1_Channel2_IRQHandler                 0x080001bb   Thumb Code     0  startup_stm32f10x_md.o(.text)
    DMA1_Channel3_IRQHandler                 0x080001bb   Thumb Code     0  startup_stm32f10x_md.o(.text)
    DMA1_Channel4_IRQHandler                 0x080001bb   Thumb Code     0  startup_stm32f10x_md.o(.text)
    DMA1_Channel5_IRQHandler                 0x080001bb   Thumb Code     0  startup_stm32f10x_md.o(.text)
    DMA1_Channel6_IRQHandler                 0x080001bb   Thumb Code     0  startup_stm32f10x_md.o(.text)
    DMA1_Channel7_IRQHandler                 0x080001bb   Thumb Code     0  startup_stm32f10x_md.o(.text)
    EXTI0_IRQHandler                         0x080001bb   Thumb Code     0  startup_stm32f10x_md.o(.text)
    EXTI15_10_IRQHandler                     0x080001bb   Thumb Code     0  startup_stm32f10x_md.o(.text)
    EXTI1_IRQHandler                         0x080001bb   Thumb Code     0  startup_stm32f10x_md.o(.text)
    EXTI2_IRQHandler                         0x080001bb   Thumb Code     0  startup_stm32f10x_md.o(.text)
    EXTI3_IRQHandler                         0x080001bb   Thumb Code     0  startup_stm32f10x_md.o(.text)
    EXTI4_IRQHandler                         0x080001bb   Thumb Code     0  startup_stm32f10x_md.o(.text)
    EXTI9_5_IRQHandler                       0x080001bb   Thumb Code     0  startup_stm32f10x_md.o(.text)
    FLASH_IRQHandler                         0x080001bb   Thumb Code     0  startup_stm32f10x_md.o(.text)
    I2C1_ER_IRQHandler                       0x080001bb   Thumb Code     0  startup_stm32f10x_md.o(.text)
    I2C1_EV_IRQHandler                       0x080001bb   Thumb Code     0  startup_stm32f10x_md.o(.text)
    I2C2_ER_IRQHandler                       0x080001bb   Thumb Code     0  startup_stm32f10x_md.o(.text)
    I2C2_EV_IRQHandler                       0x080001bb   Thumb Code     0  startup_stm32f10x_md.o(.text)
    PVD_IRQHandler                           0x080001bb   Thumb Code     0  startup_stm32f10x_md.o(.text)
    RCC_IRQHandler                           0x080001bb   Thumb Code     0  startup_stm32f10x_md.o(.text)
    RTCAlarm_IRQHandler                      0x080001bb   Thumb Code     0  startup_stm32f10x_md.o(.text)
    RTC_IRQHandler                           0x080001bb   Thumb Code     0  startup_stm32f10x_md.o(.text)
    SPI1_IRQHandler                          0x080001bb   Thumb Code     0  startup_stm32f10x_md.o(.text)
    SPI2_IRQHandler                          0x080001bb   Thumb Code     0  startup_stm32f10x_md.o(.text)
    TAMPER_IRQHandler                        0x080001bb   Thumb Code     0  startup_stm32f10x_md.o(.text)
    TIM1_BRK_IRQHandler                      0x080001bb   Thumb Code     0  startup_stm32f10x_md.o(.text)
    TIM1_CC_IRQHandler                       0x080001bb   Thumb Code     0  startup_stm32f10x_md.o(.text)
    TIM1_TRG_COM_IRQHandler                  0x080001bb   Thumb Code     0  startup_stm32f10x_md.o(.text)
    TIM1_UP_IRQHandler                       0x080001bb   Thumb Code     0  startup_stm32f10x_md.o(.text)
    TIM2_IRQHandler                          0x080001bb   Thumb Code     0  startup_stm32f10x_md.o(.text)
    TIM3_IRQHandler                          0x080001bb   Thumb Code     0  startup_stm32f10x_md.o(.text)
    TIM4_IRQHandler                          0x080001bb   Thumb Code     0  startup_stm32f10x_md.o(.text)
    USART1_IRQHandler                        0x080001bb   Thumb Code     0  startup_stm32f10x_md.o(.text)
    USART2_IRQHandler                        0x080001bb   Thumb Code     0  startup_stm32f10x_md.o(.text)
    USART3_IRQHandler                        0x080001bb   Thumb Code     0  startup_stm32f10x_md.o(.text)
    USBWakeUp_IRQHandler                     0x080001bb   Thumb Code     0  startup_stm32f10x_md.o(.text)
    USB_HP_CAN1_TX_IRQHandler                0x080001bb   Thumb Code     0  startup_stm32f10x_md.o(.text)
    USB_LP_CAN1_RX0_IRQHandler               0x080001bb   Thumb Code     0  startup_stm32f10x_md.o(.text)
    WWDG_IRQHandler                          0x080001bb   Thumb Code     0  startup_stm32f10x_md.o(.text)
    __user_initial_stackheap                 0x080001bd   Thumb Code     0  startup_stm32f10x_md.o(.text)
    __2snprintf                              0x080001e1   Thumb Code    48  noretval__2snprintf.o(.text)
    __printf                                 0x08000215   Thumb Code   270  __printf_wp.o(.text)
    __use_two_region_memory                  0x08000323   Thumb Code     2  heapauxi.o(.text)
    __rt_heap_escrow$2region                 0x08000325   Thumb Code     2  heapauxi.o(.text)
    __rt_heap_expand$2region                 0x08000327   Thumb Code     2  heapauxi.o(.text)
    __lib_sel_fp_printf                      0x08000329   Thumb Code     2  _printf_fp_dec.o(.text)
    _printf_fp_dec_real                      0x080004db   Thumb Code   620  _printf_fp_dec.o(.text)
    _printf_char_common                      0x08000753   Thumb Code    32  _printf_char_common.o(.text)
    _sputc                                   0x08000779   Thumb Code    10  _sputc.o(.text)
    _snputc                                  0x08000783   Thumb Code    16  _snputc.o(.text)
    __rt_locale                              0x08000795   Thumb Code     8  rt_locale_intlibspace.o(.text)
    _ll_udiv10                               0x0800079d   Thumb Code   138  lludiv10.o(.text)
    _printf_fp_infnan                        0x08000829   Thumb Code   112  _printf_fp_infnan.o(.text)
    _btod_etento                             0x080008a9   Thumb Code   224  bigflt0.o(.text)
    __user_libspace                          0x0800098d   Thumb Code     8  libspace.o(.text)
    __user_perproc_libspace                  0x0800098d   Thumb Code     0  libspace.o(.text)
    __user_perthread_libspace                0x0800098d   Thumb Code     0  libspace.o(.text)
    __user_setup_stackheap                   0x08000995   Thumb Code    74  sys_stackheap_outer.o(.text)
    exit                                     0x080009df   Thumb Code    18  exit.o(.text)
    strcmp                                   0x080009f1   Thumb Code   128  strcmpv7m.o(.text)
    _sys_exit                                0x08000a71   Thumb Code     8  sys_exit.o(.text)
    __I$use$semihosting                      0x08000a7d   Thumb Code     0  use_no_semi.o(.text)
    __use_no_semihosting_swi                 0x08000a7d   Thumb Code     2  use_no_semi.o(.text)
    __semihosting_library_function           0x08000a7f   Thumb Code     0  indicate_semi.o(.text)
    _btod_d2e                                0x08000a7f   Thumb Code    62  btod.o(CL$$btod_d2e)
    _d2e_denorm_low                          0x08000abd   Thumb Code    70  btod.o(CL$$btod_d2e_denorm_low)
    _d2e_norm_op1                            0x08000b03   Thumb Code    96  btod.o(CL$$btod_d2e_norm_op1)
    __btod_div_common                        0x08000b63   Thumb Code   696  btod.o(CL$$btod_div_common)
    _e2e                                     0x08000e9b   Thumb Code   220  btod.o(CL$$btod_e2e)
    _btod_ediv                               0x08000f77   Thumb Code    42  btod.o(CL$$btod_ediv)
    _btod_emul                               0x08000fa1   Thumb Code    42  btod.o(CL$$btod_emul)
    __btod_mult_common                       0x08000fcb   Thumb Code   580  btod.o(CL$$btod_mult_common)
    SystemInit                               0x08001325   Thumb Code    78  system_stm32f10x.o(i.SystemInit)
    __ARM_fpclassify                         0x08001385   Thumb Code    40  fpclassify.o(i.__ARM_fpclassify)
    _is_digit                                0x080013ad   Thumb Code    14  __printf_wp.o(i._is_digit)
    adc_init                                 0x080013bd   Thumb Code   212  adc.o(i.adc_init)
    adc_rx                                   0x0800149d   Thumb Code    26  adc.o(i.adc_rx)
    delay_ms                                 0x080014c1   Thumb Code    18  systick.o(i.delay_ms)
    filt                                     0x080014d3   Thumb Code   120  lowpass.o(i.filt)
    gpio_init                                0x0800154d   Thumb Code   420  gpio.o(i.gpio_init)
    lowpass_init                             0x08001705   Thumb Code    82  lowpass.o(i.lowpass_init)
    main                                     0x08001761   Thumb Code   218  main.o(i.main)
    pwm_init                                 0x08001861   Thumb Code   894  pwm.o(i.pwm_init)
    set_duty                                 0x08001cb1   Thumb Code   190  pwm.o(i.set_duty)
    systick_init                             0x08001d7d   Thumb Code    24  systick.o(i.systick_init)
    uart_init                                0x08001d95   Thumb Code   352  uart.o(i.uart_init)
    uart_send_msg                            0x08001f05   Thumb Code    28  uart.o(i.uart_send_msg)
    uart_tx                                  0x08001f21   Thumb Code    76  uart.o(i.uart_tx)
    _get_lc_numeric                          0x08001f79   Thumb Code    44  lc_numeric_c.o(locale$$code)
    __aeabi_d2f                              0x08001fa5   Thumb Code     0  d2f.o(x$fpl$d2f)
    _d2f                                     0x08001fa5   Thumb Code    98  d2f.o(x$fpl$d2f)
    __aeabi_dadd                             0x08002009   Thumb Code     0  daddsub_clz.o(x$fpl$dadd)
    _dadd                                    0x08002009   Thumb Code   332  daddsub_clz.o(x$fpl$dadd)
    __aeabi_ddiv                             0x08002159   Thumb Code     0  ddiv.o(x$fpl$ddiv)
    _ddiv                                    0x08002159   Thumb Code   552  ddiv.o(x$fpl$ddiv)
    __aeabi_d2uiz                            0x08002409   Thumb Code     0  dfixu.o(x$fpl$dfixu)
    _dfixu                                   0x08002409   Thumb Code    90  dfixu.o(x$fpl$dfixu)
    __aeabi_i2d                              0x08002463   Thumb Code     0  dflt_clz.o(x$fpl$dflt)
    _dflt                                    0x08002463   Thumb Code    46  dflt_clz.o(x$fpl$dflt)
    __aeabi_dmul                             0x08002491   Thumb Code     0  dmul.o(x$fpl$dmul)
    _dmul                                    0x08002491   Thumb Code   332  dmul.o(x$fpl$dmul)
    __fpl_dnaninf                            0x080025e5   Thumb Code   156  dnaninf.o(x$fpl$dnaninf)
    __fpl_dretinf                            0x08002681   Thumb Code    12  dretinf.o(x$fpl$dretinf)
    __aeabi_dsub                             0x0800268d   Thumb Code     0  daddsub_clz.o(x$fpl$dsub)
    _dsub                                    0x0800268d   Thumb Code   464  daddsub_clz.o(x$fpl$dsub)
    __aeabi_f2d                              0x08002861   Thumb Code     0  f2d.o(x$fpl$f2d)
    _f2d                                     0x08002861   Thumb Code    86  f2d.o(x$fpl$f2d)
    __aeabi_fadd                             0x080028b9   Thumb Code     0  faddsub_clz.o(x$fpl$fadd)
    _fadd                                    0x080028b9   Thumb Code   196  faddsub_clz.o(x$fpl$fadd)
    __aeabi_fdiv                             0x0800297d   Thumb Code     0  fdiv.o(x$fpl$fdiv)
    _fdiv                                    0x0800297d   Thumb Code   384  fdiv.o(x$fpl$fdiv)
    __aeabi_f2iz                             0x08002b01   Thumb Code     0  ffix.o(x$fpl$ffix)
    _ffix                                    0x08002b01   Thumb Code    54  ffix.o(x$fpl$ffix)
    __aeabi_i2f                              0x08002b39   Thumb Code     0  fflt_clz.o(x$fpl$fflt)
    _fflt                                    0x08002b39   Thumb Code    48  fflt_clz.o(x$fpl$fflt)
    __aeabi_fmul                             0x08002b69   Thumb Code     0  fmul.o(x$fpl$fmul)
    _fmul                                    0x08002b69   Thumb Code   258  fmul.o(x$fpl$fmul)
    __fpl_fnaninf                            0x08002c6b   Thumb Code   140  fnaninf.o(x$fpl$fnaninf)
    __fpl_fretinf                            0x08002cf7   Thumb Code    10  fretinf.o(x$fpl$fretinf)
    __aeabi_fsub                             0x08002d01   Thumb Code     0  faddsub_clz.o(x$fpl$fsub)
    _fsub                                    0x08002d01   Thumb Code   234  faddsub_clz.o(x$fpl$fsub)
    _printf_fp_dec                           0x08002deb   Thumb Code     4  printf1.o(x$fpl$printf1)
    __I$use$fp                               0x08002dee   Number         0  usenofp.o(x$fpl$usenofp)
    Region$$Table$$Base                      0x08002e84   Number         0  anon$$obj.o(Region$$Table)
    Region$$Table$$Limit                     0x08002ea4   Number         0  anon$$obj.o(Region$$Table)
    analog_rx                                0x20000000   Data           4  main.o(.data)
    SystemCoreClock                          0x20000004   Data           4  system_stm32f10x.o(.data)
    AHBPrescTable                            0x20000008   Data          16  system_stm32f10x.o(.data)
    num                                      0x20000018   Data          10  main.o(.bss)
    __libspace_start                         0x20000024   Data          96  libspace.o(.bss)
    __temporary_stack_top$libspace           0x20000084   Data           0  libspace.o(.bss)



==============================================================================

Memory Map of the image

  Image Entry point : 0x080001a1

  Load Region LR_1 (Base: 0x08000000, Size: 0x00002ed8, Max: 0xffffffff, ABSOLUTE)

    Execution Region ER_RO (Exec base: 0x08000000, Load base: 0x08000000, Size: 0x00002ec0, Max: 0xffffffff, ABSOLUTE)

    Exec Addr    Load Addr    Size         Type   Attr      Idx    E Section Name        Object

    0x08000000   0x08000000   0x000000ec   Data   RO         1046    RESET               startup_stm32f10x_md.o
    0x080000ec   0x080000ec   0x00000008   Code   RO         1129  * !!!main             c_w.l(__main.o)
    0x080000f4   0x080000f4   0x00000034   Code   RO         1405    !!!scatter          c_w.l(__scatter.o)
    0x08000128   0x08000128   0x0000001a   Code   RO         1407    !!handler_copy      c_w.l(__scatter_copy.o)
    0x08000142   0x08000142   0x00000002   PAD
    0x08000144   0x08000144   0x0000001c   Code   RO         1409    !!handler_zi        c_w.l(__scatter_zi.o)
    0x08000160   0x08000160   0x00000000   Code   RO         1126    .ARM.Collect$$_printf_percent$$00000000  c_w.l(_printf_percent.o)
    0x08000160   0x08000160   0x00000006   Code   RO         1125    .ARM.Collect$$_printf_percent$$00000003  c_w.l(_printf_f.o)
    0x08000166   0x08000166   0x00000004   Code   RO         1194    .ARM.Collect$$_printf_percent$$00000017  c_w.l(_printf_percent_end.o)
    0x0800016a   0x0800016a   0x00000002   Code   RO         1276    .ARM.Collect$$libinit$$00000000  c_w.l(libinit.o)
    0x0800016c   0x0800016c   0x00000000   Code   RO         1278    .ARM.Collect$$libinit$$00000002  c_w.l(libinit2.o)
    0x0800016c   0x0800016c   0x00000000   Code   RO         1280    .ARM.Collect$$libinit$$00000004  c_w.l(libinit2.o)
    0x0800016c   0x0800016c   0x00000000   Code   RO         1283    .ARM.Collect$$libinit$$0000000A  c_w.l(libinit2.o)
    0x0800016c   0x0800016c   0x00000000   Code   RO         1285    .ARM.Collect$$libinit$$0000000C  c_w.l(libinit2.o)
    0x0800016c   0x0800016c   0x00000000   Code   RO         1287    .ARM.Collect$$libinit$$0000000E  c_w.l(libinit2.o)
    0x0800016c   0x0800016c   0x00000006   Code   RO         1288    .ARM.Collect$$libinit$$0000000F  c_w.l(libinit2.o)
    0x08000172   0x08000172   0x00000000   Code   RO         1290    .ARM.Collect$$libinit$$00000011  c_w.l(libinit2.o)
    0x08000172   0x08000172   0x00000000   Code   RO         1292    .ARM.Collect$$libinit$$00000013  c_w.l(libinit2.o)
    0x08000172   0x08000172   0x00000000   Code   RO         1294    .ARM.Collect$$libinit$$00000015  c_w.l(libinit2.o)
    0x08000172   0x08000172   0x0000000a   Code   RO         1295    .ARM.Collect$$libinit$$00000016  c_w.l(libinit2.o)
    0x0800017c   0x0800017c   0x00000000   Code   RO         1296    .ARM.Collect$$libinit$$00000017  c_w.l(libinit2.o)
    0x0800017c   0x0800017c   0x00000000   Code   RO         1298    .ARM.Collect$$libinit$$00000019  c_w.l(libinit2.o)
    0x0800017c   0x0800017c   0x00000000   Code   RO         1300    .ARM.Collect$$libinit$$0000001B  c_w.l(libinit2.o)
    0x0800017c   0x0800017c   0x00000000   Code   RO         1302    .ARM.Collect$$libinit$$0000001D  c_w.l(libinit2.o)
    0x0800017c   0x0800017c   0x00000000   Code   RO         1304    .ARM.Collect$$libinit$$0000001F  c_w.l(libinit2.o)
    0x0800017c   0x0800017c   0x00000000   Code   RO         1306    .ARM.Collect$$libinit$$00000021  c_w.l(libinit2.o)
    0x0800017c   0x0800017c   0x00000000   Code   RO         1308    .ARM.Collect$$libinit$$00000023  c_w.l(libinit2.o)
    0x0800017c   0x0800017c   0x00000000   Code   RO         1310    .ARM.Collect$$libinit$$00000025  c_w.l(libinit2.o)
    0x0800017c   0x0800017c   0x00000000   Code   RO         1314    .ARM.Collect$$libinit$$0000002C  c_w.l(libinit2.o)
    0x0800017c   0x0800017c   0x00000000   Code   RO         1316    .ARM.Collect$$libinit$$0000002E  c_w.l(libinit2.o)
    0x0800017c   0x0800017c   0x00000000   Code   RO         1318    .ARM.Collect$$libinit$$00000030  c_w.l(libinit2.o)
    0x0800017c   0x0800017c   0x00000000   Code   RO         1320    .ARM.Collect$$libinit$$00000032  c_w.l(libinit2.o)
    0x0800017c   0x0800017c   0x00000002   Code   RO         1321    .ARM.Collect$$libinit$$00000033  c_w.l(libinit2.o)
    0x0800017e   0x0800017e   0x00000002   Code   RO         1351    .ARM.Collect$$libshutdown$$00000000  c_w.l(libshutdown.o)
    0x08000180   0x08000180   0x00000000   Code   RO         1362    .ARM.Collect$$libshutdown$$00000002  c_w.l(libshutdown2.o)
    0x08000180   0x08000180   0x00000000   Code   RO         1364    .ARM.Collect$$libshutdown$$00000004  c_w.l(libshutdown2.o)
    0x08000180   0x08000180   0x00000000   Code   RO         1366    .ARM.Collect$$libshutdown$$00000006  c_w.l(libshutdown2.o)
    0x08000180   0x08000180   0x00000000   Code   RO         1369    .ARM.Collect$$libshutdown$$00000009  c_w.l(libshutdown2.o)
    0x08000180   0x08000180   0x00000000   Code   RO         1372    .ARM.Collect$$libshutdown$$0000000C  c_w.l(libshutdown2.o)
    0x08000180   0x08000180   0x00000000   Code   RO         1374    .ARM.Collect$$libshutdown$$0000000E  c_w.l(libshutdown2.o)
    0x08000180   0x08000180   0x00000000   Code   RO         1377    .ARM.Collect$$libshutdown$$00000011  c_w.l(libshutdown2.o)
    0x08000180   0x08000180   0x00000002   Code   RO         1378    .ARM.Collect$$libshutdown$$00000012  c_w.l(libshutdown2.o)
    0x08000182   0x08000182   0x00000000   Code   RO         1185    .ARM.Collect$$rtentry$$00000000  c_w.l(__rtentry.o)
    0x08000182   0x08000182   0x00000000   Code   RO         1205    .ARM.Collect$$rtentry$$00000002  c_w.l(__rtentry2.o)
    0x08000182   0x08000182   0x00000006   Code   RO         1217    .ARM.Collect$$rtentry$$00000004  c_w.l(__rtentry4.o)
    0x08000188   0x08000188   0x00000000   Code   RO         1207    .ARM.Collect$$rtentry$$00000009  c_w.l(__rtentry2.o)
    0x08000188   0x08000188   0x00000004   Code   RO         1208    .ARM.Collect$$rtentry$$0000000A  c_w.l(__rtentry2.o)
    0x0800018c   0x0800018c   0x00000000   Code   RO         1210    .ARM.Collect$$rtentry$$0000000C  c_w.l(__rtentry2.o)
    0x0800018c   0x0800018c   0x00000008   Code   RO         1211    .ARM.Collect$$rtentry$$0000000D  c_w.l(__rtentry2.o)
    0x08000194   0x08000194   0x00000002   Code   RO         1322    .ARM.Collect$$rtexit$$00000000  c_w.l(rtexit.o)
    0x08000196   0x08000196   0x00000000   Code   RO         1329    .ARM.Collect$$rtexit$$00000002  c_w.l(rtexit2.o)
    0x08000196   0x08000196   0x00000004   Code   RO         1330    .ARM.Collect$$rtexit$$00000003  c_w.l(rtexit2.o)
    0x0800019a   0x0800019a   0x00000006   Code   RO         1331    .ARM.Collect$$rtexit$$00000004  c_w.l(rtexit2.o)
    0x080001a0   0x080001a0   0x00000040   Code   RO         1047  * .text               startup_stm32f10x_md.o
    0x080001e0   0x080001e0   0x00000034   Code   RO         1101    .text               c_w.l(noretval__2snprintf.o)
    0x08000214   0x08000214   0x0000010e   Code   RO         1113    .text               c_w.l(__printf_wp.o)
    0x08000322   0x08000322   0x00000006   Code   RO         1127    .text               c_w.l(heapauxi.o)
    0x08000328   0x08000328   0x0000041e   Code   RO         1186    .text               c_w.l(_printf_fp_dec.o)
    0x08000746   0x08000746   0x00000002   PAD
    0x08000748   0x08000748   0x00000030   Code   RO         1188    .text               c_w.l(_printf_char_common.o)
    0x08000778   0x08000778   0x0000000a   Code   RO         1190    .text               c_w.l(_sputc.o)
    0x08000782   0x08000782   0x00000010   Code   RO         1192    .text               c_w.l(_snputc.o)
    0x08000792   0x08000792   0x00000002   PAD
    0x08000794   0x08000794   0x00000008   Code   RO         1222    .text               c_w.l(rt_locale_intlibspace.o)
    0x0800079c   0x0800079c   0x0000008a   Code   RO         1224    .text               c_w.l(lludiv10.o)
    0x08000826   0x08000826   0x00000002   PAD
    0x08000828   0x08000828   0x00000080   Code   RO         1226    .text               c_w.l(_printf_fp_infnan.o)
    0x080008a8   0x080008a8   0x000000e4   Code   RO         1230    .text               c_w.l(bigflt0.o)
    0x0800098c   0x0800098c   0x00000008   Code   RO         1262    .text               c_w.l(libspace.o)
    0x08000994   0x08000994   0x0000004a   Code   RO         1265    .text               c_w.l(sys_stackheap_outer.o)
    0x080009de   0x080009de   0x00000012   Code   RO         1267    .text               c_w.l(exit.o)
    0x080009f0   0x080009f0   0x00000080   Code   RO         1269    .text               c_w.l(strcmpv7m.o)
    0x08000a70   0x08000a70   0x0000000c   Code   RO         1341    .text               c_w.l(sys_exit.o)
    0x08000a7c   0x08000a7c   0x00000002   Code   RO         1352    .text               c_w.l(use_no_semi.o)
    0x08000a7e   0x08000a7e   0x00000000   Code   RO         1354    .text               c_w.l(indicate_semi.o)
    0x08000a7e   0x08000a7e   0x0000003e   Code   RO         1233    CL$$btod_d2e        c_w.l(btod.o)
    0x08000abc   0x08000abc   0x00000046   Code   RO         1235    CL$$btod_d2e_denorm_low  c_w.l(btod.o)
    0x08000b02   0x08000b02   0x00000060   Code   RO         1234    CL$$btod_d2e_norm_op1  c_w.l(btod.o)
    0x08000b62   0x08000b62   0x00000338   Code   RO         1243    CL$$btod_div_common  c_w.l(btod.o)
    0x08000e9a   0x08000e9a   0x000000dc   Code   RO         1240    CL$$btod_e2e        c_w.l(btod.o)
    0x08000f76   0x08000f76   0x0000002a   Code   RO         1237    CL$$btod_ediv       c_w.l(btod.o)
    0x08000fa0   0x08000fa0   0x0000002a   Code   RO         1236    CL$$btod_emul       c_w.l(btod.o)
    0x08000fca   0x08000fca   0x00000244   Code   RO         1242    CL$$btod_mult_common  c_w.l(btod.o)
    0x0800120e   0x0800120e   0x00000002   PAD
    0x08001210   0x08001210   0x0000002c   Code   RO          155    i.DelayMillis       systick.o
    0x0800123c   0x0800123c   0x00000008   Code   RO         1054    i.SetSysClock       system_stm32f10x.o
    0x08001244   0x08001244   0x000000e0   Code   RO         1055    i.SetSysClockTo72   system_stm32f10x.o
    0x08001324   0x08001324   0x00000060   Code   RO         1057    i.SystemInit        system_stm32f10x.o
    0x08001384   0x08001384   0x00000028   Code   RO         1260    i.__ARM_fpclassify  m_ws.l(fpclassify.o)
    0x080013ac   0x080013ac   0x0000000e   Code   RO         1115    i._is_digit         c_w.l(__printf_wp.o)
    0x080013ba   0x080013ba   0x00000002   PAD
    0x080013bc   0x080013bc   0x000000e0   Code   RO          445    i.adc_init          adc.o
    0x0800149c   0x0800149c   0x00000024   Code   RO          446    i.adc_rx            adc.o
    0x080014c0   0x080014c0   0x00000012   Code   RO          157    i.delay_ms          systick.o
    0x080014d2   0x080014d2   0x00000078   Code   RO          626    i.filt              lowpass.o
    0x0800154a   0x0800154a   0x00000002   PAD
    0x0800154c   0x0800154c   0x000001b8   Code   RO          261    i.gpio_init         gpio.o
    0x08001704   0x08001704   0x0000005c   Code   RO          627    i.lowpass_init      lowpass.o
    0x08001760   0x08001760   0x00000100   Code   RO            4    i.main              main.o
    0x08001860   0x08001860   0x00000394   Code   RO          480    i.pwm_init          pwm.o
    0x08001bf4   0x08001bf4   0x000000ba   Code   RO          628    i.setCoef           lowpass.o
    0x08001cae   0x08001cae   0x00000002   PAD
    0x08001cb0   0x08001cb0   0x000000cc   Code   RO          481    i.set_duty          pwm.o
    0x08001d7c   0x08001d7c   0x00000018   Code   RO          159    i.systick_init      systick.o
    0x08001d94   0x08001d94   0x00000170   Code   RO          297    i.uart_init         uart.o
    0x08001f04   0x08001f04   0x0000001c   Code   RO          299    i.uart_send_msg     uart.o
    0x08001f20   0x08001f20   0x00000058   Code   RO          300    i.uart_tx           uart.o
    0x08001f78   0x08001f78   0x0000002c   Code   RO         1256    locale$$code        c_w.l(lc_numeric_c.o)
    0x08001fa4   0x08001fa4   0x00000062   Code   RO         1131    x$fpl$d2f           fz_ws.l(d2f.o)
    0x08002006   0x08002006   0x00000002   PAD
    0x08002008   0x08002008   0x00000150   Code   RO         1133    x$fpl$dadd          fz_ws.l(daddsub_clz.o)
    0x08002158   0x08002158   0x000002b0   Code   RO         1140    x$fpl$ddiv          fz_ws.l(ddiv.o)
    0x08002408   0x08002408   0x0000005a   Code   RO         1147    x$fpl$dfixu         fz_ws.l(dfixu.o)
    0x08002462   0x08002462   0x0000002e   Code   RO         1152    x$fpl$dflt          fz_ws.l(dflt_clz.o)
    0x08002490   0x08002490   0x00000154   Code   RO         1157    x$fpl$dmul          fz_ws.l(dmul.o)
    0x080025e4   0x080025e4   0x0000009c   Code   RO         1195    x$fpl$dnaninf       fz_ws.l(dnaninf.o)
    0x08002680   0x08002680   0x0000000c   Code   RO         1197    x$fpl$dretinf       fz_ws.l(dretinf.o)
    0x0800268c   0x0800268c   0x000001d4   Code   RO         1135    x$fpl$dsub          fz_ws.l(daddsub_clz.o)
    0x08002860   0x08002860   0x00000056   Code   RO         1159    x$fpl$f2d           fz_ws.l(f2d.o)
    0x080028b6   0x080028b6   0x00000002   PAD
    0x080028b8   0x080028b8   0x000000c4   Code   RO         1161    x$fpl$fadd          fz_ws.l(faddsub_clz.o)
    0x0800297c   0x0800297c   0x00000184   Code   RO         1168    x$fpl$fdiv          fz_ws.l(fdiv.o)
    0x08002b00   0x08002b00   0x00000036   Code   RO         1171    x$fpl$ffix          fz_ws.l(ffix.o)
    0x08002b36   0x08002b36   0x00000002   PAD
    0x08002b38   0x08002b38   0x00000030   Code   RO         1176    x$fpl$fflt          fz_ws.l(fflt_clz.o)
    0x08002b68   0x08002b68   0x00000102   Code   RO         1181    x$fpl$fmul          fz_ws.l(fmul.o)
    0x08002c6a   0x08002c6a   0x0000008c   Code   RO         1199    x$fpl$fnaninf       fz_ws.l(fnaninf.o)
    0x08002cf6   0x08002cf6   0x0000000a   Code   RO         1201    x$fpl$fretinf       fz_ws.l(fretinf.o)
    0x08002d00   0x08002d00   0x000000ea   Code   RO         1163    x$fpl$fsub          fz_ws.l(faddsub_clz.o)
    0x08002dea   0x08002dea   0x00000004   Code   RO         1183    x$fpl$printf1       fz_ws.l(printf1.o)
    0x08002dee   0x08002dee   0x00000000   Code   RO         1203    x$fpl$usenofp       fz_ws.l(usenofp.o)
    0x08002dee   0x08002dee   0x00000002   PAD
    0x08002df0   0x08002df0   0x00000094   Data   RO         1231    .constdata          c_w.l(bigflt0.o)
    0x08002e84   0x08002e84   0x00000020   Data   RO         1403    Region$$Table       anon$$obj.o
    0x08002ea4   0x08002ea4   0x0000001c   Data   RO         1255    locale$$data        c_w.l(lc_numeric_c.o)


    Execution Region ER_RW (Exec base: 0x20000000, Load base: 0x08002ec0, Size: 0x00000018, Max: 0xffffffff, ABSOLUTE)

    Exec Addr    Load Addr    Size         Type   Attr      Idx    E Section Name        Object

    0x20000000   0x08002ec0   0x00000004   Data   RW            6    .data               main.o
    0x20000004   0x08002ec4   0x00000014   Data   RW         1058    .data               system_stm32f10x.o


    Execution Region ER_ZI (Exec base: 0x20000018, Load base: 0x08002ed8, Size: 0x00000670, Max: 0xffffffff, ABSOLUTE)

    Exec Addr    Load Addr    Size         Type   Attr      Idx    E Section Name        Object

    0x20000018        -       0x0000000a   Zero   RW            5    .bss                main.o
    0x20000022   0x08002ed8   0x00000002   PAD
    0x20000024        -       0x00000060   Zero   RW         1263    .bss                c_w.l(libspace.o)
    0x20000084   0x08002ed8   0x00000004   PAD
    0x20000088        -       0x00000200   Zero   RW         1045    HEAP                startup_stm32f10x_md.o
    0x20000288        -       0x00000400   Zero   RW         1044    STACK               startup_stm32f10x_md.o


==============================================================================

Image component sizes


      Code (inc. data)   RO Data    RW Data    ZI Data      Debug   Object Name

       260         22          0          0          0       1396   adc.o
       440         20          0          0          0        668   gpio.o
       398         10          0          0          0       2122   lowpass.o
       256         38          0          4         10       6455   main.o
      1120         36          0          0          0       1666   pwm.o
        64         26        236          0       1536        824   startup_stm32f10x_md.o
       328         28          0         20          0       2453   system_stm32f10x.o
        86          4          0          0          0       1250   systick.o
       484         28          0          0          0       1766   uart.o

    ----------------------------------------------------------------------
      3440        212        268         24       1548      18600   Object Totals
         0          0         32          0          0          0   (incl. Generated)
         4          0          0          0          2          0   (incl. Padding)

    ----------------------------------------------------------------------

      Code (inc. data)   RO Data    RW Data    ZI Data      Debug   Library Member Name

         8          0          0          0          0         68   __main.o
       284          0          0          0          0        156   __printf_wp.o
         0          0          0          0          0          0   __rtentry.o
        12          0          0          0          0          0   __rtentry2.o
         6          0          0          0          0          0   __rtentry4.o
        52          8          0          0          0          0   __scatter.o
        26          0          0          0          0          0   __scatter_copy.o
        28          0          0          0          0          0   __scatter_zi.o
        48          6          0          0          0         96   _printf_char_common.o
         6          0          0          0          0          0   _printf_f.o
      1054          0          0          0          0        216   _printf_fp_dec.o
       128         16          0          0          0         84   _printf_fp_infnan.o
         0          0          0          0          0          0   _printf_percent.o
         4          0          0          0          0          0   _printf_percent_end.o
        16          0          0          0          0         68   _snputc.o
        10          0          0          0          0         68   _sputc.o
       228          4        148          0          0         96   bigflt0.o
      1936        128          0          0          0        672   btod.o
        18          0          0          0          0         80   exit.o
         6          0          0          0          0        152   heapauxi.o
         0          0          0          0          0          0   indicate_semi.o
        44         10         28          0          0         76   lc_numeric_c.o
         2          0          0          0          0          0   libinit.o
        18          0          0          0          0          0   libinit2.o
         2          0          0          0          0          0   libshutdown.o
         2          0          0          0          0          0   libshutdown2.o
         8          4          0          0         96         68   libspace.o
       138          0          0          0          0         80   lludiv10.o
        52          4          0          0          0         84   noretval__2snprintf.o
         8          4          0          0          0         68   rt_locale_intlibspace.o
         2          0          0          0          0          0   rtexit.o
        10          0          0          0          0          0   rtexit2.o
       128          0          0          0          0         68   strcmpv7m.o
        12          4          0          0          0         68   sys_exit.o
        74          0          0          0          0         80   sys_stackheap_outer.o
         2          0          0          0          0         68   use_no_semi.o
        98          4          0          0          0         92   d2f.o
       804         16          0          0          0        272   daddsub_clz.o
       688        140          0          0          0        208   ddiv.o
        90          4          0          0          0         92   dfixu.o
        46          0          0          0          0         68   dflt_clz.o
       340         12          0          0          0        104   dmul.o
       156          4          0          0          0         92   dnaninf.o
        12          0          0          0          0         68   dretinf.o
        86          4          0          0          0         84   f2d.o
       430          8          0          0          0        168   faddsub_clz.o
       388         76          0          0          0         96   fdiv.o
        54          4          0          0          0         84   ffix.o
        48          0          0          0          0         68   fflt_clz.o
       258          4          0          0          0         84   fmul.o
       140          4          0          0          0         84   fnaninf.o
        10          0          0          0          0         68   fretinf.o
         4          0          0          0          0         68   printf1.o
         0          0          0          0          0          0   usenofp.o
        40          0          0          0          0         68   fpclassify.o

    ----------------------------------------------------------------------
      8084        468        176          0        100       4284   Library Totals
        20          0          0          0          4          0   (incl. Padding)

    ----------------------------------------------------------------------

      Code (inc. data)   RO Data    RW Data    ZI Data      Debug   Library Name

      4372        188        176          0         96       2416   c_w.l
      3652        280          0          0          0       1800   fz_ws.l
        40          0          0          0          0         68   m_ws.l

    ----------------------------------------------------------------------
      8084        468        176          0        100       4284   Library Totals

    ----------------------------------------------------------------------

==============================================================================


      Code (inc. data)   RO Data    RW Data    ZI Data      Debug   

     11524        680        444         24       1648      19760   Grand Totals
     11524        680        444         24       1648      19760   ELF Image Totals
     11524        680        444         24          0          0   ROM Totals

==============================================================================

    Total RO  Size (Code + RO Data)                11968 (  11.69kB)
    Total RW  Size (RW Data + ZI Data)              1672 (   1.63kB)
    Total ROM Size (Code + RO Data + RW Data)      11992 (  11.71kB)

==============================================================================

